Component: ARM Compiler 5.06 update 3 (build 300) Tool: armlink [4d35c9]

==============================================================================

Section Cross References

    startup_stm32f10x_md.o(RESET) refers to startup_stm32f10x_md.o(STACK) for __initial_sp
    startup_stm32f10x_md.o(RESET) refers to startup_stm32f10x_md.o(.text) for Reset_Handler
    startup_stm32f10x_md.o(RESET) refers to stm32f10x_it.o(.text) for NMI_Handler
    startup_stm32f10x_md.o(RESET) refers to cmb_fault.o(.text) for HardFault_Handler
    startup_stm32f10x_md.o(.text) refers to system_stm32f10x.o(.text) for SystemInit
    startup_stm32f10x_md.o(.text) refers to entry.o(.ARM.Collect$$$$00000000) for __main
    system_stm32f10x.o(.text) refers to system_stm32f10x.o(.data) for SystemCoreClock
    stm32f10x_adc.o(.text) refers to stm32f10x_rcc.o(.text) for RCC_APB2PeriphResetCmd
    stm32f10x_bkp.o(.text) refers to stm32f10x_rcc.o(.text) for RCC_BackupResetCmd
    stm32f10x_can.o(.text) refers to stm32f10x_rcc.o(.text) for RCC_APB1PeriphResetCmd
    stm32f10x_cec.o(.text) refers to stm32f10x_rcc.o(.text) for RCC_APB1PeriphResetCmd
    stm32f10x_dac.o(.text) refers to stm32f10x_rcc.o(.text) for RCC_APB1PeriphResetCmd
    stm32f10x_gpio.o(.text) refers to stm32f10x_rcc.o(.text) for RCC_APB2PeriphResetCmd
    stm32f10x_i2c.o(.text) refers to stm32f10x_rcc.o(.text) for RCC_APB1PeriphResetCmd
    stm32f10x_pwr.o(.text) refers to stm32f10x_rcc.o(.text) for RCC_APB1PeriphResetCmd
    stm32f10x_rcc.o(.text) refers to stm32f10x_rcc.o(.data) for APBAHBPrescTable
    stm32f10x_spi.o(.text) refers to stm32f10x_rcc.o(.text) for RCC_APB2PeriphResetCmd
    stm32f10x_tim.o(.text) refers to stm32f10x_rcc.o(.text) for RCC_APB2PeriphResetCmd
    stm32f10x_usart.o(.text) refers to stm32f10x_rcc.o(.text) for RCC_APB2PeriphResetCmd
    stm32f10x_wwdg.o(.text) refers to stm32f10x_rcc.o(.text) for RCC_APB1PeriphResetCmd
    usb_core.o(.text) refers to usb_regs.o(.text) for ClearDTOG_TX
    usb_core.o(.text) refers to usb_init.o(.data) for pInformation
    usb_core.o(.text) refers to usb_prop.o(.data) for Device_Table
    usb_core.o(.text) refers to usb_core.o(.data) for StatusInfo
    usb_core.o(.text) refers to usb_mem.o(.text) for PMAToUserBufferCopy
    usb_core.o(.text) refers to usb_int.o(.data) for SaveRState
    usb_init.o(.text) refers to usb_init.o(.bss) for Device_Info
    usb_init.o(.text) refers to usb_init.o(.data) for pInformation
    usb_init.o(.text) refers to usb_prop.o(.data) for Device_Property
    usb_int.o(.text) refers to usb_core.o(.text) for In0_Process
    usb_int.o(.text) refers to usb_istr.o(.data) for wIstr
    usb_int.o(.text) refers to usb_init.o(.data) for EPindex
    usb_int.o(.text) refers to usb_int.o(.data) for SaveRState
    usb_sil.o(.text) refers to usb_regs.o(.text) for GetEPTxAddr
    usb_sil.o(.text) refers to usb_mem.o(.text) for UserToPMABufferCopy
    usb_sil.o(.text) refers to usb_init.o(.data) for wInterrupt_Mask
    hw_config.o(.text) refers to mass_mal.o(.text) for MAL_Init
    hw_config.o(.text) refers to stm32f10x_rcc.o(.text) for RCC_USBCLKConfig
    hw_config.o(.text) refers to misc.o(.text) for NVIC_PriorityGroupConfig
    hw_config.o(.text) refers to stm32f10x_gpio.o(.text) for GPIO_Init
    hw_config.o(.text) refers to usb_pwr.o(.data) for bDeviceState
    hw_config.o(.text) refers to usb_init.o(.bss) for Device_Info
    hw_config.o(.text) refers to usb_desc.o(.data) for MASS_StringSerial
    mass_mal.o(.text) refers to bsp_spi.o(.text) for spi_flash_init
    mass_mal.o(.text) refers to mass_mal.o(.data) for Status
    memory.o(.text) refers to mass_mal.o(.text) for MAL_Read
    memory.o(.text) refers to usb_sil.o(.text) for USB_SIL_Write
    memory.o(.text) refers to usb_regs.o(.text) for SetEPTxCount
    memory.o(.text) refers to usb_bot.o(.text) for Set_CSW
    memory.o(.text) refers to memory.o(.data) for TransferState
    memory.o(.text) refers to mass_mal.o(.data) for Mass_Block_Size
    memory.o(.text) refers to memory.o(.bss) for Data_Buffer
    memory.o(.text) refers to usb_bot.o(.bss) for CSW
    memory.o(.text) refers to usb_bot.o(.data) for Bot_State
    usb_bot.o(.text) refers to usb_sil.o(.text) for USB_SIL_Write
    usb_bot.o(.text) refers to usb_regs.o(.text) for SetEPTxStatus
    usb_bot.o(.text) refers to usb_scsi.o(.text) for SCSI_Read10_Cmd
    usb_bot.o(.text) refers to usb_bot.o(.bss) for CSW
    usb_bot.o(.text) refers to usb_bot.o(.data) for Bot_State
    usb_bot.o(.text) refers to usb_prop.o(.data) for Max_Lun
    usb_endp.o(.text) refers to usb_bot.o(.text) for Mass_Storage_In
    usb_istr.o(.text) refers to usb_int.o(.text) for CTR_LP
    usb_istr.o(.text) refers to usb_istr.o(.data) for wIstr
    usb_istr.o(.text) refers to usb_init.o(.data) for wInterrupt_Mask
    usb_istr.o(.text) refers to usb_prop.o(.data) for Device_Property
    usb_istr.o(.data) refers to usb_endp.o(.text) for EP1_IN_Callback
    usb_istr.o(.data) refers to usb_core.o(.text) for NOP_Process
[...]
    _printf_x                                0x00000000   Number         0  stubs.o ABSOLUTE
    __cpp_initialize__aeabi_                  - Undefined Weak Reference
    __cxa_finalize                            - Undefined Weak Reference
    _clock_init                               - Undefined Weak Reference
    _microlib_exit                            - Undefined Weak Reference
    __Vectors_Size                           0x000000ec   Number         0  startup_stm32f10x_md.o ABSOLUTE
    Image$$ER_IROM1$$Base                    0x08000000   Number         0  anon$$obj.o ABSOLUTE
    __Vectors                                0x08000000   Data           4  startup_stm32f10x_md.o(RESET)
    __Vectors_End                            0x080000ec   Data           0  startup_stm32f10x_md.o(RESET)
    __main                                   0x080000ed   Thumb Code     0  entry.o(.ARM.Collect$$$$00000000)
    _main_stk                                0x080000ed   Thumb Code     0  entry2.o(.ARM.Collect$$$$00000001)
    _main_scatterload                        0x080000f1   Thumb Code     0  entry5.o(.ARM.Collect$$$$00000004)
    __main_after_scatterload                 0x080000f5   Thumb Code     0  entry5.o(.ARM.Collect$$$$00000004)
    _main_clock                              0x080000f5   Thumb Code     0  entry7b.o(.ARM.Collect$$$$00000008)
    _main_cpp_init                           0x080000f5   Thumb Code     0  entry8b.o(.ARM.Collect$$$$0000000A)
    _main_init                               0x080000f5   Thumb Code     0  entry9a.o(.ARM.Collect$$$$0000000B)
    __rt_final_cpp                           0x080000fd   Thumb Code     0  entry10a.o(.ARM.Collect$$$$0000000D)
    __rt_final_exit                          0x080000fd   Thumb Code     0  entry11a.o(.ARM.Collect$$$$0000000F)
    Reset_Handler                            0x08000101   Thumb Code     8  startup_stm32f10x_md.o(.text)
    ADC1_2_IRQHandler                        0x0800011b   Thumb Code     0  startup_stm32f10x_md.o(.text)
    CAN1_RX1_IRQHandler                      0x0800011b   Thumb Code     0  startup_stm32f10x_md.o(.text)
    CAN1_SCE_IRQHandler                      0x0800011b   Thumb Code     0  startup_stm32f10x_md.o(.text)
    DMA1_Channel1_IRQHandler                 0x0800011b   Thumb Code     0  startup_stm32f10x_md.o(.text)
    DMA1_Channel2_IRQHandler                 0x0800011b   Thumb Code     0  startup_stm32f10x_md.o(.text)
    DMA1_Channel3_IRQHandler                 0x0800011b   Thumb Code     0  startup_stm32f10x_md.o(.text)
    DMA1_Channel5_IRQHandler                 0x0800011b   Thumb Code     0  startup_stm32f10x_md.o(.text)
    DMA1_Channel6_IRQHandler                 0x0800011b   Thumb Code     0  startup_stm32f10x_md.o(.text)
    DMA1_Channel7_IRQHandler                 0x0800011b   Thumb Code     0  startup_stm32f10x_md.o(.text)
    EXTI0_IRQHandler                         0x0800011b   Thumb Code     0  startup_stm32f10x_md.o(.text)
    EXTI15_10_IRQHandler                     0x0800011b   Thumb Code     0  startup_stm32f10x_md.o(.text)
    EXTI1_IRQHandler                         0x0800011b   Thumb Code     0  startup_stm32f10x_md.o(.text)
    EXTI2_IRQHandler                         0x0800011b   Thumb Code     0  startup_stm32f10x_md.o(.text)
    EXTI3_IRQHandler                         0x0800011b   Thumb Code     0  startup_stm32f10x_md.o(.text)
    EXTI4_IRQHandler                         0x0800011b   Thumb Code     0  startup_stm32f10x_md.o(.text)
    EXTI9_5_IRQHandler                       0x0800011b   Thumb Code     0  startup_stm32f10x_md.o(.text)
    FLASH_IRQHandler                         0x0800011b   Thumb Code     0  startup_stm32f10x_md.o(.text)
    I2C1_ER_IRQHandler                       0x0800011b   Thumb Code     0  startup_stm32f10x_md.o(.text)
    I2C1_EV_IRQHandler                       0x0800011b   Thumb Code     0  startup_stm32f10x_md.o(.text)
    I2C2_ER_IRQHandler                       0x0800011b   Thumb Code     0  startup_stm32f10x_md.o(.text)
    I2C2_EV_IRQHandler                       0x0800011b   Thumb Code     0  startup_stm32f10x_md.o(.text)
    PVD_IRQHandler                           0x0800011b   Thumb Code     0  startup_stm32f10x_md.o(.text)
    RCC_IRQHandler                           0x0800011b   Thumb Code     0  startup_stm32f10x_md.o(.text)
    RTCAlarm_IRQHandler                      0x0800011b   Thumb Code     0  startup_stm32f10x_md.o(.text)
    RTC_IRQHandler                           0x0800011b   Thumb Code     0  startup_stm32f10x_md.o(.text)
    SPI1_IRQHandler                          0x0800011b   Thumb Code     0  startup_stm32f10x_md.o(.text)
    SPI2_IRQHandler                          0x0800011b   Thumb Code     0  startup_stm32f10x_md.o(.text)
    TAMPER_IRQHandler                        0x0800011b   Thumb Code     0  startup_stm32f10x_md.o(.text)
    TIM1_BRK_IRQHandler                      0x0800011b   Thumb Code     0  startup_stm32f10x_md.o(.text)
    TIM1_CC_IRQHandler                       0x0800011b   Thumb Code     0  startup_stm32f10x_md.o(.text)
    TIM1_TRG_COM_IRQHandler                  0x0800011b   Thumb Code     0  startup_stm32f10x_md.o(.text)
    TIM1_UP_IRQHandler                       0x0800011b   Thumb Code     0  startup_stm32f10x_md.o(.text)
    TIM2_IRQHandler                          0x0800011b   Thumb Code     0  startup_stm32f10x_md.o(.text)
    TIM3_IRQHandler                          0x0800011b   Thumb Code     0  startup_stm32f10x_md.o(.text)
    TIM4_IRQHandler                          0x0800011b   Thumb Code     0  startup_stm32f10x_md.o(.text)
    USART3_IRQHandler                        0x0800011b   Thumb Code     0  startup_stm32f10x_md.o(.text)
    USBWakeUp_IRQHandler                     0x0800011b   Thumb Code     0  startup_stm32f10x_md.o(.text)
    WWDG_IRQHandler                          0x0800011b   Thumb Code     0  startup_stm32f10x_md.o(.text)
    SystemInit                               0x08000203   Thumb Code    78  system_stm32f10x.o(.text)
    SystemCoreClockUpdate                    0x08000251   Thumb Code   142  system_stm32f10x.o(.text)
    NVIC_PriorityGroupConfig                 0x08000305   Thumb Code    10  misc.o(.text)
    NVIC_Init                                0x0800030f   Thumb Code   100  misc.o(.text)
    NVIC_SetVectorTable                      0x08000373   Thumb Code    14  misc.o(.text)
    NVIC_SystemLPConfig                      0x08000381   Thumb Code    34  misc.o(.text)
    SysTick_CLKSourceConfig                  0x080003a3   Thumb Code    40  misc.o(.text)
    DMA_DeInit                               0x080003e1   Thumb Code   324  stm32f10x_dma.o(.text)
    DMA_Init                                 0x08000525   Thumb Code    60  stm32f10x_dma.o(.text)
    DMA_StructInit                           0x08000561   Thumb Code    26  stm32f10x_dma.o(.text)
    DMA_Cmd                                  0x0800057b   Thumb Code    24  stm32f10x_dma.o(.text)
    DMA_ITConfig                             0x08000593   Thumb Code    18  stm32f10x_dma.o(.text)
    DMA_SetCurrDataCounter                   0x080005a5   Thumb Code     4  stm32f10x_dma.o(.text)
    DMA_GetCurrDataCounter                   0x080005a9   Thumb Code     8  stm32f10x_dma.o(.text)
    DMA_GetFlagStatus                        0x080005b1   Thumb Code    40  stm32f10x_dma.o(.text)
    DMA_ClearFlag                            0x080005d9   Thumb Code    22  stm32f10x_dma.o(.text)
    DMA_GetITStatus                          0x080005ef   Thumb Code    40  stm32f10x_dma.o(.text)
    DMA_ClearITPendingBit                    0x08000617   Thumb Code    22  stm32f10x_dma.o(.text)
    GPIO_DeInit                              0x08000635   Thumb Code   172  stm32f10x_gpio.o(.text)
    GPIO_AFIODeInit                          0x080006e1   Thumb Code    20  stm32f10x_gpio.o(.text)
    GPIO_Init                                0x080006f5   Thumb Code   278  stm32f10x_gpio.o(.text)
    GPIO_StructInit                          0x0800080b   Thumb Code    16  stm32f10x_gpio.o(.text)
    GPIO_ReadInputDataBit                    0x0800081b   Thumb Code    18  stm32f10x_gpio.o(.text)
    GPIO_ReadInputData                       0x0800082d   Thumb Code     8  stm32f10x_gpio.o(.text)
    GPIO_ReadOutputDataBit                   0x08000835   Thumb Code    18  stm32f10x_gpio.o(.text)
    GPIO_ReadOutputData                      0x08000847   Thumb Code     8  stm32f10x_gpio.o(.text)
    GPIO_SetBits                             0x0800084f   Thumb Code     4  stm32f10x_gpio.o(.text)
    GPIO_ResetBits                           0x08000853   Thumb Code     4  stm32f10x_gpio.o(.text)
    GPIO_WriteBit                            0x08000857   Thumb Code    10  stm32f10x_gpio.o(.text)
    GPIO_Write                               0x08000861   Thumb Code     4  stm32f10x_gpio.o(.text)
    GPIO_PinLockConfig                       0x08000865   Thumb Code    18  stm32f10x_gpio.o(.text)
    GPIO_EventOutputConfig                   0x08000877   Thumb Code    26  stm32f10x_gpio.o(.text)
    GPIO_EventOutputCmd                      0x08000891   Thumb Code     6  stm32f10x_gpio.o(.text)
    GPIO_PinRemapConfig                      0x08000897   Thumb Code   138  stm32f10x_gpio.o(.text)
    GPIO_EXTILineConfig                      0x08000921   Thumb Code    66  stm32f10x_gpio.o(.text)
    GPIO_ETH_MediaInterfaceConfig            0x08000963   Thumb Code     8  stm32f10x_gpio.o(.text)
    IWDG_WriteAccessCmd                      0x08000991   Thumb Code     6  stm32f10x_iwdg.o(.text)
    IWDG_SetPrescaler                        0x08000997   Thumb Code     6  stm32f10x_iwdg.o(.text)
    IWDG_SetReload                           0x0800099d   Thumb Code     6  stm32f10x_iwdg.o(.text)
    IWDG_ReloadCounter                       0x080009a3   Thumb Code    10  stm32f10x_iwdg.o(.text)
    IWDG_Enable                              0x080009ad   Thumb Code    10  stm32f10x_iwdg.o(.text)
    IWDG_GetFlagStatus                       0x080009b7   Thumb Code    20  stm32f10x_iwdg.o(.text)
    RCC_DeInit                               0x080009d1   Thumb Code    64  stm32f10x_rcc.o(.text)
    RCC_HSEConfig                            0x08000a11   Thumb Code    70  stm32f10x_rcc.o(.text)
    RCC_GetFlagStatus                        0x08000a57   Thumb Code    56  stm32f10x_rcc.o(.text)
    RCC_WaitForHSEStartUp                    0x08000a8f   Thumb Code    56  stm32f10x_rcc.o(.text)
    RCC_AdjustHSICalibrationValue            0x08000ac7   Thumb Code    20  stm32f10x_rcc.o(.text)
    RCC_HSICmd                               0x08000adb   Thumb Code     6  stm32f10x_rcc.o(.text)
    RCC_PLLConfig                            0x08000ae1   Thumb Code    24  stm32f10x_rcc.o(.text)
    RCC_PLLCmd                               0x08000af9   Thumb Code     6  stm32f10x_rcc.o(.text)
    RCC_SYSCLKConfig                         0x08000aff   Thumb Code    18  stm32f10x_rcc.o(.text)
    RCC_GetSYSCLKSource                      0x08000b11   Thumb Code    10  stm32f10x_rcc.o(.text)
    RCC_HCLKConfig                           0x08000b1b   Thumb Code    18  stm32f10x_rcc.o(.text)
    RCC_PCLK1Config                          0x08000b2d   Thumb Code    18  stm32f10x_rcc.o(.text)
    RCC_PCLK2Config                          0x08000b3f   Thumb Code    20  stm32f10x_rcc.o(.text)
    RCC_ITConfig                             0x08000b53   Thumb Code    26  stm32f10x_rcc.o(.text)
    RCC_USBCLKConfig                         0x08000b6d   Thumb Code     8  stm32f10x_rcc.o(.text)
    RCC_ADCCLKConfig                         0x08000b75   Thumb Code    18  stm32f10x_rcc.o(.text)
    RCC_LSEConfig                            0x08000b87   Thumb Code    50  stm32f10x_rcc.o(.text)
    RCC_LSICmd                               0x08000bb9   Thumb Code     6  stm32f10x_rcc.o(.text)
    RCC_RTCCLKConfig                         0x08000bbf   Thumb Code    12  stm32f10x_rcc.o(.text)
    RCC_RTCCLKCmd                            0x08000bcb   Thumb Code     8  stm32f10x_rcc.o(.text)
    RCC_GetClocksFreq                        0x08000bd3   Thumb Code   192  stm32f10x_rcc.o(.text)
    RCC_AHBPeriphClockCmd                    0x08000c93   Thumb Code    26  stm32f10x_rcc.o(.text)
    RCC_APB2PeriphClockCmd                   0x08000cad   Thumb Code    26  stm32f10x_rcc.o(.text)
    RCC_APB1PeriphClockCmd                   0x08000cc7   Thumb Code    26  stm32f10x_rcc.o(.text)
    RCC_APB2PeriphResetCmd                   0x08000ce1   Thumb Code    26  stm32f10x_rcc.o(.text)
    RCC_APB1PeriphResetCmd                   0x08000cfb   Thumb Code    26  stm32f10x_rcc.o(.text)
    RCC_BackupResetCmd                       0x08000d15   Thumb Code     8  stm32f10x_rcc.o(.text)
    RCC_ClockSecuritySystemCmd               0x08000d1d   Thumb Code     6  stm32f10x_rcc.o(.text)
    RCC_MCOConfig                            0x08000d23   Thumb Code     6  stm32f10x_rcc.o(.text)
    RCC_ClearFlag                            0x08000d29   Thumb Code    14  stm32f10x_rcc.o(.text)
    RCC_GetITStatus                          0x08000d37   Thumb Code    20  stm32f10x_rcc.o(.text)
    RCC_ClearITPendingBit                    0x08000d4b   Thumb Code     6  stm32f10x_rcc.o(.text)
    SPI_I2S_DeInit                           0x08000d75   Thumb Code    76  stm32f10x_spi.o(.text)
    SPI_Init                                 0x08000dc1   Thumb Code    60  stm32f10x_spi.o(.text)
    I2S_Init                                 0x08000dfd   Thumb Code   226  stm32f10x_spi.o(.text)
    SPI_StructInit                           0x08000edf   Thumb Code    24  stm32f10x_spi.o(.text)
    I2S_StructInit                           0x08000ef7   Thumb Code    20  stm32f10x_spi.o(.text)
    SPI_Cmd                                  0x08000f0b   Thumb Code    24  stm32f10x_spi.o(.text)
    I2S_Cmd                                  0x08000f23   Thumb Code    24  stm32f10x_spi.o(.text)
    SPI_I2S_ITConfig                         0x08000f3b   Thumb Code    32  stm32f10x_spi.o(.text)
    SPI_I2S_DMACmd                           0x08000f5b   Thumb Code    18  stm32f10x_spi.o(.text)
    SPI_I2S_SendData                         0x08000f6d   Thumb Code     4  stm32f10x_spi.o(.text)
    SPI_I2S_ReceiveData                      0x08000f71   Thumb Code     6  stm32f10x_spi.o(.text)
    SPI_NSSInternalSoftwareConfig            0x08000f77   Thumb Code    30  stm32f10x_spi.o(.text)
    SPI_SSOutputCmd                          0x08000f95   Thumb Code    24  stm32f10x_spi.o(.text)
    SPI_DataSizeConfig                       0x08000fad   Thumb Code    18  stm32f10x_spi.o(.text)
    SPI_TransmitCRC                          0x08000fbf   Thumb Code    10  stm32f10x_spi.o(.text)
    SPI_CalculateCRC                         0x08000fc9   Thumb Code    24  stm32f10x_spi.o(.text)
    SPI_GetCRC                               0x08000fe1   Thumb Code    16  stm32f10x_spi.o(.text)
    SPI_GetCRCPolynomial                     0x08000ff1   Thumb Code     6  stm32f10x_spi.o(.text)
    SPI_BiDirectionalLineConfig              0x08000ff7   Thumb Code    28  stm32f10x_spi.o(.text)
    SPI_I2S_GetFlagStatus                    0x08001013   Thumb Code    18  stm32f10x_spi.o(.text)
    SPI_I2S_ClearFlag                        0x08001025   Thumb Code     6  stm32f10x_spi.o(.text)
    SPI_I2S_GetITStatus                      0x0800102b   Thumb Code    52  stm32f10x_spi.o(.text)
    SPI_I2S_ClearITPendingBit                0x0800105f   Thumb Code    20  stm32f10x_spi.o(.text)
    USART_DeInit                             0x08001081   Thumb Code   134  stm32f10x_usart.o(.text)
    USART_Init                               0x08001107   Thumb Code   210  stm32f10x_usart.o(.text)
    USART_StructInit                         0x080011d9   Thumb Code    24  stm32f10x_usart.o(.text)
    USART_ClockInit                          0x080011f1   Thumb Code    34  stm32f10x_usart.o(.text)
    USART_ClockStructInit                    0x08001213   Thumb Code    12  stm32f10x_usart.o(.text)
    USART_Cmd                                0x0800121f   Thumb Code    24  stm32f10x_usart.o(.text)
    USART_ITConfig                           0x08001237   Thumb Code    74  stm32f10x_usart.o(.text)
    USART_DMACmd                             0x08001281   Thumb Code    18  stm32f10x_usart.o(.text)
    USART_SetAddress                         0x08001293   Thumb Code    18  stm32f10x_usart.o(.text)
    USART_WakeUpConfig                       0x080012a5   Thumb Code    18  stm32f10x_usart.o(.text)
    USART_ReceiverWakeUpCmd                  0x080012b7   Thumb Code    24  stm32f10x_usart.o(.text)
    USART_LINBreakDetectLengthConfig         0x080012cf   Thumb Code    18  stm32f10x_usart.o(.text)
    USART_LINCmd                             0x080012e1   Thumb Code    24  stm32f10x_usart.o(.text)
    USART_SendData                           0x080012f9   Thumb Code     8  stm32f10x_usart.o(.text)
    USART_ReceiveData                        0x08001301   Thumb Code    10  stm32f10x_usart.o(.text)
    USART_SendBreak                          0x0800130b   Thumb Code    10  stm32f10x_usart.o(.text)
    USART_SetGuardTime                       0x08001315   Thumb Code    16  stm32f10x_usart.o(.text)
    USART_SetPrescaler                       0x08001325   Thumb Code    16  stm32f10x_usart.o(.text)
    USART_SmartCardCmd                       0x08001335   Thumb Code    24  stm32f10x_usart.o(.text)
    USART_SmartCardNACKCmd                   0x0800134d   Thumb Code    24  stm32f10x_usart.o(.text)
    USART_HalfDuplexCmd                      0x08001365   Thumb Code    24  stm32f10x_usart.o(.text)
    USART_OverSampling8Cmd                   0x0800137d   Thumb Code    22  stm32f10x_usart.o(.text)
    USART_OneBitMethodCmd                    0x08001393   Thumb Code    24  stm32f10x_usart.o(.text)
    USART_IrDAConfig                         0x080013ab   Thumb Code    18  stm32f10x_usart.o(.text)
    USART_IrDACmd                            0x080013bd   Thumb Code    24  stm32f10x_usart.o(.text)
    USART_GetFlagStatus                      0x080013d5   Thumb Code    26  stm32f10x_usart.o(.text)
    USART_ClearFlag                          0x080013ef   Thumb Code    18  stm32f10x_usart.o(.text)
    USART_GetITStatus                        0x08001401   Thumb Code    84  stm32f10x_usart.o(.text)
    USART_ClearITPendingBit                  0x08001455   Thumb Code    52  stm32f10x_usart.o(.text)
    Standard_GetConfiguration                0x08001489   Thumb Code    34  usb_core.o(.text)
    Standard_SetConfiguration                0x080014ab   Thumb Code    60  usb_core.o(.text)
    Standard_GetInterface                    0x080014e7   Thumb Code    34  usb_core.o(.text)
    Standard_SetInterface                    0x08001509   Thumb Code    96  usb_core.o(.text)
    Standard_GetStatus                       0x08001569   Thumb Code   238  usb_core.o(.text)
    Standard_ClearFeature                    0x08001657   Thumb Code   342  usb_core.o(.text)
    Standard_SetEndPointFeature              0x080017ad   Thumb Code   220  usb_core.o(.text)
    Standard_SetDeviceFeature                0x08001889   Thumb Code    30  usb_core.o(.text)
    Standard_GetDescriptorData               0x080018a7   Thumb Code    32  usb_core.o(.text)
    Post0_Process                            0x08001ddb   Thumb Code    54  usb_core.o(.text)
    Setup0_Process                           0x08001e11   Thumb Code   170  usb_core.o(.text)
    SetDeviceAddress                         0x08001ebb   Thumb Code    70  usb_core.o(.text)
    In0_Process                              0x08001f01   Thumb Code    98  usb_core.o(.text)
    Out0_Process                             0x08001f63   Thumb Code    70  usb_core.o(.text)
    NOP_Process                              0x08001fa9   Thumb Code     2  usb_core.o(.text)
    USB_Init                                 0x08001fd9   Thumb Code    36  usb_init.o(.text)
    CTR_LP                                   0x08002015   Thumb Code   616  usb_int.o(.text)
    CTR_HP                                   0x0800227d   Thumb Code   178  usb_int.o(.text)
    UserToPMABufferCopy                      0x08002351   Thumb Code    52  usb_mem.o(.text)
    PMAToUserBufferCopy                      0x08002385   Thumb Code    34  usb_mem.o(.text)
    SetCNTR                                  0x080023ad   Thumb Code     6  usb_regs.o(.text)
    GetCNTR                                  0x080023b3   Thumb Code     8  usb_regs.o(.text)
    SetISTR                                  0x080023bb   Thumb Code     8  usb_regs.o(.text)
    GetISTR                                  0x080023c3   Thumb Code    10  usb_regs.o(.text)
    GetFNR                                   0x080023cd   Thumb Code    10  usb_regs.o(.text)
    SetDADDR                                 0x080023d7   Thumb Code     8  usb_regs.o(.text)
    GetDADDR                                 0x080023df   Thumb Code    10  usb_regs.o(.text)
    SetBTABLE                                0x080023e9   Thumb Code    14  usb_regs.o(.text)
    GetBTABLE                                0x080023f7   Thumb Code    10  usb_regs.o(.text)
    SetENDPOINT                              0x08002401   Thumb Code    12  usb_regs.o(.text)
    GetENDPOINT                              0x0800240d   Thumb Code    16  usb_regs.o(.text)
    SetEPType                                0x0800241d   Thumb Code    32  usb_regs.o(.text)
    GetEPType                                0x0800243d   Thumb Code    18  usb_regs.o(.text)
    SetEPTxStatus                            0x0800244f   Thumb Code    60  usb_regs.o(.text)
    SetEPRxStatus                            0x0800248b   Thumb Code    60  usb_regs.o(.text)
    SetDouBleBuffEPStall                     0x080024c7   Thumb Code    54  usb_regs.o(.text)
    GetEPTxStatus                            0x080024fd   Thumb Code    18  usb_regs.o(.text)
    GetEPRxStatus                            0x0800250f   Thumb Code    18  usb_regs.o(.text)
    SetEPTxValid                             0x08002521   Thumb Code    48  usb_regs.o(.text)
    SetEPRxValid                             0x08002551   Thumb Code    48  usb_regs.o(.text)
    SetEP_KIND                               0x08002581   Thumb Code    38  usb_regs.o(.text)
    ClearEP_KIND                             0x080025a7   Thumb Code    34  usb_regs.o(.text)
    Clear_Status_Out                         0x080025c9   Thumb Code    34  usb_regs.o(.text)
    Set_Status_Out                           0x080025eb   Thumb Code    38  usb_regs.o(.text)
    SetEPDoubleBuff                          0x08002611   Thumb Code    38  usb_regs.o(.text)
    ClearEPDoubleBuff                        0x08002637   Thumb Code    34  usb_regs.o(.text)
    GetTxStallStatus                         0x08002659   Thumb Code    28  usb_regs.o(.text)
    GetRxStallStatus                         0x08002675   Thumb Code    30  usb_regs.o(.text)
    ClearEP_CTR_RX                           0x08002693   Thumb Code    32  usb_regs.o(.text)
    ClearEP_CTR_TX                           0x080026b3   Thumb Code    28  usb_regs.o(.text)
    ToggleDTOG_RX                            0x080026cf   Thumb Code    34  usb_regs.o(.text)
    ToggleDTOG_TX                            0x080026f1   Thumb Code    34  usb_regs.o(.text)
    ClearDTOG_RX                             0x08002713   Thumb Code    48  usb_regs.o(.text)
    ClearDTOG_TX                             0x08002743   Thumb Code    48  usb_regs.o(.text)
    SetEPAddress                             0x08002773   Thumb Code    46  usb_regs.o(.text)
    GetEPAddress                             0x080027a1   Thumb Code    18  usb_regs.o(.text)
    SetEPTxAddr                              0x080027b3   Thumb Code    24  usb_regs.o(.text)
    SetEPRxAddr                              0x080027cb   Thumb Code    26  usb_regs.o(.text)
    GetEPTxAddr                              0x080027e5   Thumb Code    22  usb_regs.o(.text)
    GetEPRxAddr                              0x080027fb   Thumb Code    24  usb_regs.o(.text)
    SetEPTxCount                             0x08002813   Thumb Code    20  usb_regs.o(.text)
    SetEPCountRxReg                          0x08002827   Thumb Code    48  usb_regs.o(.text)
    SetEPRxCount                             0x08002857   Thumb Code    68  usb_regs.o(.text)
    GetEPTxCount                             0x0800289b   Thumb Code    26  usb_regs.o(.text)
    GetEPRxCount                             0x080028b5   Thumb Code    26  usb_regs.o(.text)
    SetEPDblBuffAddr                         0x080028cf   Thumb Code    44  usb_regs.o(.text)
    SetEPDblBuf0Addr                         0x080028fb   Thumb Code    24  usb_regs.o(.text)
    SetEPDblBuf1Addr                         0x08002913   Thumb Code    26  usb_regs.o(.text)
    GetEPDblBuf0Addr                         0x0800292d   Thumb Code    22  usb_regs.o(.text)
    GetEPDblBuf1Addr                         0x08002943   Thumb Code    24  usb_regs.o(.text)
    SetEPDblBuffCount                        0x0800295b   Thumb Code   186  usb_regs.o(.text)
    SetEPDblBuf0Count                        0x08002a15   Thumb Code    96  usb_regs.o(.text)
    SetEPDblBuf1Count                        0x08002a75   Thumb Code    96  usb_regs.o(.text)
    GetEPDblBuf0Count                        0x08002ad5   Thumb Code    26  usb_regs.o(.text)
    GetEPDblBuf1Count                        0x08002aef   Thumb Code    26  usb_regs.o(.text)
    GetEPDblBufDir                           0x08002b09   Thumb Code    62  usb_regs.o(.text)
    FreeUserBuffer                           0x08002b47   Thumb Code    90  usb_regs.o(.text)
    ToWord                                   0x08002ba1   Thumb Code     8  usb_regs.o(.text)
    ByteSwap                                 0x08002ba9   Thumb Code    12  usb_regs.o(.text)
    USB_SIL_Init                             0x08002bb5   Thumb Code    28  usb_sil.o(.text)
    USB_SIL_Write                            0x08002bd1   Thumb Code    46  usb_sil.o(.text)
    USB_SIL_Read                             0x08002bff   Thumb Code    46  usb_sil.o(.text)
    MAL_Config                               0x08002c35   Thumb Code    10  hw_config.o(.text)
    Set_System                               0x08002c3f   Thumb Code     8  hw_config.o(.text)
    Set_USBClock                             0x08002c47   Thumb Code    18  hw_config.o(.text)
    Enter_LowPowerMode                       0x08002c59   Thumb Code     8  hw_config.o(.text)
    Leave_LowPowerMode                       0x08002c61   Thumb Code    22  hw_config.o(.text)
    USB_Interrupts_Config                    0x08002c77   Thumb Code    68  hw_config.o(.text)
    USB_Cable_Config                         0x08002cbb   Thumb Code    66  hw_config.o(.text)
    Get_SerialNum                            0x08002d3b   Thumb Code    42  hw_config.o(.text)
    MAL_Init                                 0x08002d79   Thumb Code    48  mass_mal.o(.text)
    MAL_Write                                0x08002da9   Thumb Code    48  mass_mal.o(.text)
    MAL_Read                                 0x08002dd9   Thumb Code    42  mass_mal.o(.text)
    MAL_GetStatus                            0x08002e03   Thumb Code    56  mass_mal.o(.text)
    Read_Memory                              0x08002e51   Thumb Code   224  memory.o(.text)
    Write_Memory                             0x08002f31   Thumb Code   252  memory.o(.text)
    Set_CSW                                  0x08003069   Thumb Code    46  usb_bot.o(.text)
    Mass_Storage_In                          0x08003097   Thumb Code   100  usb_bot.o(.text)
    Bot_Abort                                0x080030fb   Thumb Code    64  usb_bot.o(.text)
    CBW_Decode                               0x0800313b   Thumb Code   676  usb_bot.o(.text)
    Mass_Storage_Out                         0x080033df   Thumb Code   158  usb_bot.o(.text)
    Transfer_Data_Request                    0x0800347d   Thumb Code    46  usb_bot.o(.text)
    EP1_IN_Callback                          0x080034b5   Thumb Code     8  usb_endp.o(.text)
    EP2_OUT_Callback                         0x080034bd   Thumb Code     8  usb_endp.o(.text)
    USB_Istr                                 0x080034c5   Thumb Code    62  usb_istr.o(.text)
    MASS_init                                0x08003515   Thumb Code    30  usb_prop.o(.text)
    MASS_Reset                               0x08003533   Thumb Code   204  usb_prop.o(.text)
    Mass_Storage_SetConfiguration            0x080035ff   Thumb Code    36  usb_prop.o(.text)
    Mass_Storage_ClearFeature                0x08003623   Thumb Code    20  usb_prop.o(.text)
    Mass_Storage_SetDeviceAddress            0x08003637   Thumb Code     8  usb_prop.o(.text)
    MASS_Status_In                           0x0800363f   Thumb Code     2  usb_prop.o(.text)
    MASS_Status_Out                          0x08003641   Thumb Code     2  usb_prop.o(.text)
    Get_Max_Lun                              0x08003643   Thumb Code    20  usb_prop.o(.text)
    MASS_Data_Setup                          0x08003657   Thumb Code    88  usb_prop.o(.text)
    MASS_NoData_Setup                        0x080036af   Thumb Code    76  usb_prop.o(.text)
    MASS_Get_Interface_Setting               0x080036fb   Thumb Code    22  usb_prop.o(.text)
    MASS_GetDeviceDescriptor                 0x08003711   Thumb Code    14  usb_prop.o(.text)
    MASS_GetConfigDescriptor                 0x0800371f   Thumb Code    14  usb_prop.o(.text)
    MASS_GetStringDescriptor                 0x0800372d   Thumb Code    32  usb_prop.o(.text)
    PowerOn                                  0x0800377d   Thumb Code    54  usb_pwr.o(.text)
    PowerOff                                 0x080037b3   Thumb Code    28  usb_pwr.o(.text)
    Suspend                                  0x080037cf   Thumb Code    34  usb_pwr.o(.text)
    Resume_Init                              0x080037f1   Thumb Code    30  usb_pwr.o(.text)
    Resume                                   0x0800380f   Thumb Code   168  usb_pwr.o(.text)
    SCSI_Inquiry_Cmd                         0x080038c5   Thumb Code    54  usb_scsi.o(.text)
    Set_Scsi_Sense_Data                      0x080038fb   Thumb Code     8  usb_scsi.o(.text)
    SCSI_ReadFormatCapacity_Cmd              0x08003903   Thumb Code   120  usb_scsi.o(.text)
    SCSI_ReadCapacity10_Cmd                  0x0800397b   Thumb Code   138  usb_scsi.o(.text)
    SCSI_ModeSense6_Cmd                      0x08003a05   Thumb Code    14  usb_scsi.o(.text)
    SCSI_ModeSense10_Cmd                     0x08003a13   Thumb Code    14  usb_scsi.o(.text)
    SCSI_RequestSense_Cmd                    0x08003a21   Thumb Code    30  usb_scsi.o(.text)
    SCSI_Start_Stop_Unit_Cmd                 0x08003a3f   Thumb Code    14  usb_scsi.o(.text)
    SCSI_Address_Management                  0x08003a4d   Thumb Code   126  usb_scsi.o(.text)
    SCSI_Read10_Cmd                          0x08003acb   Thumb Code   110  usb_scsi.o(.text)
    SCSI_Write10_Cmd                         0x08003b39   Thumb Code   110  usb_scsi.o(.text)
    SCSI_Verify10_Cmd                        0x08003ba7   Thumb Code    58  usb_scsi.o(.text)
    SCSI_Valid_Cmd                           0x08003be1   Thumb Code    48  usb_scsi.o(.text)
    SCSI_TestUnitReady_Cmd                   0x08003c11   Thumb Code    52  usb_scsi.o(.text)
    SCSI_Format_Cmd                          0x08003c45   Thumb Code    44  usb_scsi.o(.text)
    SCSI_Invalid_Cmd                         0x08003c71   Thumb Code   112  usb_scsi.o(.text)
    download_usart_dma_rx_handle             0x08003d29   Thumb Code    76  bsp_usart.o(.text)
    download_usart_dma_tx_handle             0x08003d75   Thumb Code    32  bsp_usart.o(.text)
    download_usart_dma_tx                    0x08003d95   Thumb Code    66  bsp_usart.o(.text)
    download_uart_init                       0x08003dd7   Thumb Code   336  bsp_usart.o(.text)
    debug_usart_tx_handle                    0x08003f27   Thumb Code     2  bsp_usart.o(.text)
    debug_usart_rx_handle                    0x08003f29   Thumb Code    42  bsp_usart.o(.text)
    debug_usart_init                         0x08003f7b   Thumb Code   140  bsp_usart.o(.text)
    usart_send_byte                          0x08004007   Thumb Code    30  bsp_usart.o(.text)
    usart_send_array                         0x08004025   Thumb Code    48  bsp_usart.o(.text)
    usart_send_string                        0x08004055   Thumb Code    42  bsp_usart.o(.text)
    Usart_SendHalfWord                       0x0800407f   Thumb Code    60  bsp_usart.o(.text)
    fputc                                    0x080040bb   Thumb Code    32  bsp_usart.o(.text)
    fgetc                                    0x080040db   Thumb Code    26  bsp_usart.o(.text)
    watch_dog_init                           0x08004115   Thumb Code    38  bsp_iwdg.o(.text)
    watch_dog_feed                           0x0800413b   Thumb Code     8  bsp_iwdg.o(.text)
    systick_init                             0x08004145   Thumb Code    98  bsp_systick.o(.text)
    systick_irq                              0x080041a7   Thumb Code    10  bsp_systick.o(.text)
    spi_flash_init                           0x080041e5   Thumb Code   176  bsp_spi.o(.text)
    spi_flash_send_byte                      0x08004295   Thumb Code    92  bsp_spi.o(.text)
    spi_flash_wait_for_write_end             0x080042f1   Thumb Code    50  bsp_spi.o(.text)
    spi_flash_write_enable                   0x08004323   Thumb Code    26  bsp_spi.o(.text)
    spi_flash_sector_erase                   0x0800433d   Thumb Code    62  bsp_spi.o(.text)
    spi_flash_block_erase                    0x0800437b   Thumb Code    62  bsp_spi.o(.text)
    spi_flash_addr_erase                     0x080043b9   Thumb Code    76  bsp_spi.o(.text)
    spi_flash_chip_erase                     0x08004405   Thumb Code    34  bsp_spi.o(.text)
    spi_flash_page_write                     0x08004427   Thumb Code   114  bsp_spi.o(.text)
    spi_flash_buffer_write                   0x08004499   Thumb Code   422  bsp_spi.o(.text)
    spi_flash_buffer_read                    0x0800463f   Thumb Code    74  bsp_spi.o(.text)
    spi_flash_read_id                        0x08004689   Thumb Code    72  bsp_spi.o(.text)
    spi_flash_read_device_id                 0x080046d1   Thumb Code    54  bsp_spi.o(.text)
    spi_flash_power_down                     0x08004707   Thumb Code    24  bsp_spi.o(.text)
    spi_flash_wakeup                         0x0800471f   Thumb Code    24  bsp_spi.o(.text)
    ena_button_gpio_config                   0x0800473d   Thumb Code    34  bsp_button.o(.text)
    ena_button_read                          0x0800475f   Thumb Code    14  bsp_button.o(.text)
    enb_button_gpio_config                   0x0800476d   Thumb Code    34  bsp_button.o(.text)
    enb_button_read                          0x0800478f   Thumb Code    14  bsp_button.o(.text)
    sw_button_gpio_config                    0x0800479d   Thumb Code    34  bsp_button.o(.text)
    sw_button_read                           0x080047bf   Thumb Code    14  bsp_button.o(.text)
    nxp_gpio_config                          0x080047d1   Thumb Code    68  bsp_nxp.o(.text)
    nxp_reset_ctrl                           0x08004815   Thumb Code    26  bsp_nxp.o(.text)
    nxp_do1_ctrl                             0x0800482f   Thumb Code    26  bsp_nxp.o(.text)
    buzzer_ctrl                              0x0800484d   Thumb Code    26  bsp_buzzer.o(.text)
    buzzer_gpio_config                       0x08004867   Thumb Code    44  bsp_buzzer.o(.text)
    cli_init                                 0x08004959   Thumb Code   134  sys_command_line.o(.text)
    cli_task                                 0x08004b95   Thumb Code    14  sys_command_line.o(.text)
    queue_init                               0x08004d3d   Thumb Code    32  sys_queue.o(.text)
    queue_full                               0x08004d5d   Thumb Code    30  sys_queue.o(.text)
    queue_empty                              0x08004d7b   Thumb Code    20  sys_queue.o(.text)
    queue_in                                 0x08004d8f   Thumb Code    62  sys_queue.o(.text)
    queue_out                                0x08004dcd   Thumb Code    62  sys_queue.o(.text)
    normal_timer_500ms                       0x08004e0f   Thumb Code     2  sys_scheduler.o(.text)
    normal_timer_50ms_handle                 0x08004e11   Thumb Code    26  sys_scheduler.o(.text)
    normal_timer_500ms_handle                0x08004e2b   Thumb Code    26  sys_scheduler.o(.text)
    os_timer_set                             0x08004e45   Thumb Code    28  sys_scheduler.o(.text)
    os_timer_check                           0x08004e61   Thumb Code    22  sys_scheduler.o(.text)
    os_task_creat                            0x08004e77   Thumb Code   246  sys_scheduler.o(.text)
    os_task_suspend                          0x08004f6d   Thumb Code   112  sys_scheduler.o(.text)
    os_task_suspend_check                    0x08004fdd   Thumb Code    66  sys_scheduler.o(.text)
    os_start                                 0x0800501f   Thumb Code   120  sys_scheduler.o(.text)
    os_interrupt_handle                      0x08005097   Thumb Code   388  sys_scheduler.o(.text)
    os_init                                  0x0800521b   Thumb Code   202  sys_scheduler.o(.text)
    cm_backtrace_init                        0x080052f9   Thumb Code    78  cm_backtrace.o(.text)
    cm_backtrace_firmware_info               0x08005347   Thumb Code    24  cm_backtrace.o(.text)
    cm_backtrace_call_stack                  0x080053db   Thumb Code   272  cm_backtrace.o(.text)
    cm_backtrace_assert                      0x08005561   Thumb Code    68  cm_backtrace.o(.text)
    cm_backtrace_fault                       0x08005957   Thumb Code   428  cm_backtrace.o(.text)
    HardFault_Handler                        0x08005ba5   Thumb Code    12  cmb_fault.o(.text)
    my_str_remove_blank                      0x08005bb1   Thumb Code    62  util.o(.text)
    my_atoi                                  0x08005bef   Thumb Code    82  util.o(.text)
    my_itoa                                  0x08005c41   Thumb Code   144  util.o(.text)
    disk_status                              0x08005cd1   Thumb Code    46  diskio.o(.text)
    disk_initialize                          0x08005cff   Thumb Code    58  diskio.o(.text)
    disk_read                                0x08005d39   Thumb Code    66  diskio.o(.text)
    disk_write                               0x08005d7b   Thumb Code    80  diskio.o(.text)
    disk_ioctl                               0x08005dcb   Thumb Code    66  diskio.o(.text)
    get_fattime                              0x08005e0d   Thumb Code     4  diskio.o(.text)
    clust2sect                               0x08005fcf   Thumb Code    26  ff.o(.text)
    get_fat                                  0x08005fe9   Thumb Code   318  ff.o(.text)
    put_fat                                  0x08006127   Thumb Code   392  ff.o(.text)
    f_mount                                  0x080074c5   Thumb Code    86  ff.o(.text)
    f_open                                   0x0800751b   Thumb Code   382  ff.o(.text)
    f_read                                   0x08007699   Thumb Code   432  ff.o(.text)
    f_write                                  0x08007849   Thumb Code   512  ff.o(.text)
    f_sync                                   0x08007a49   Thumb Code   138  ff.o(.text)
    f_close                                  0x08007ad3   Thumb Code    32  ff.o(.text)
    f_lseek                                  0x08007af3   Thumb Code   346  ff.o(.text)
    f_opendir                                0x08007c4d   Thumb Code   118  ff.o(.text)
    f_closedir                               0x08007cc3   Thumb Code    22  ff.o(.text)
    f_readdir                                0x08007cd9   Thumb Code   100  ff.o(.text)
    f_stat                                   0x08007d3d   Thumb Code    68  ff.o(.text)
    f_getfree                                0x08007d81   Thumb Code   258  ff.o(.text)
    f_truncate                               0x08007e83   Thumb Code   144  ff.o(.text)
    f_unlink                                 0x08007f13   Thumb Code   174  ff.o(.text)
    f_mkdir                                  0x08007fc1   Thumb Code   358  ff.o(.text)
    f_chmod                                  0x08008127   Thumb Code    92  ff.o(.text)
    f_rename                                 0x08008183   Thumb Code   266  ff.o(.text)
    f_utime                                  0x0800828d   Thumb Code    94  ff.o(.text)
    f_mkfs                                   0x080082eb   Thumb Code  1640  ff.o(.text)
    f_gets                                   0x08008953   Thumb Code    82  ff.o(.text)
    f_putc                                   0x080089e9   Thumb Code    64  ff.o(.text)
    f_puts                                   0x08008a29   Thumb Code    74  ff.o(.text)
    f_printf                                 0x08008a73   Thumb Code   654  ff.o(.text)
    ff_convert                               0x08008d01   Thumb Code    70  ccsbcs.o(.text)
    ff_wtoupper                              0x08008d47   Thumb Code    84  ccsbcs.o(.text)
    lfs_crc                                  0x08008da9   Thumb Code    54  lfs_util.o(.text)
    lfs_fs_traverse                          0x080099cb   Thumb Code   398  lfs.o(.text)
    lfs_fs_size                              0x0800a945   Thumb Code    30  lfs.o(.text)
    lfs_file_write                           0x0800b1ab   Thumb Code   594  lfs.o(.text)
    lfs_file_read                            0x0800b3fd   Thumb Code   336  lfs.o(.text)
    lfs_mkdir                                0x0800bc41   Thumb Code   522  lfs.o(.text)
    lfs_dir_open                             0x0800be4b   Thumb Code   182  lfs.o(.text)
    lfs_dir_close                            0x0800bf01   Thumb Code    36  lfs.o(.text)
    lfs_dir_read                             0x0800bf25   Thumb Code   176  lfs.o(.text)
    lfs_dir_rewind                           0x0800bfd5   Thumb Code    46  lfs.o(.text)
    lfs_dir_seek                             0x0800c003   Thumb Code   114  lfs.o(.text)
    lfs_dir_tell                             0x0800c075   Thumb Code     6  lfs.o(.text)
    lfs_file_sync                            0x0800c07b   Thumb Code   248  lfs.o(.text)
    lfs_file_close                           0x0800c173   Thumb Code    86  lfs.o(.text)
    lfs_file_opencfg                         0x0800c1c9   Thumb Code   670  lfs.o(.text)
    lfs_file_open                            0x0800c467   Thumb Code    28  lfs.o(.text)
    lfs_file_seek                            0x0800c483   Thumb Code    80  lfs.o(.text)
    lfs_file_size                            0x0800c4d3   Thumb Code    28  lfs.o(.text)
    lfs_file_truncate                        0x0800c4ef   Thumb Code   236  lfs.o(.text)
    lfs_file_tell                            0x0800c5db   Thumb Code     6  lfs.o(.text)
    lfs_file_rewind                          0x0800c5e1   Thumb Code    32  lfs.o(.text)
    lfs_stat                                 0x0800c601   Thumb Code    54  lfs.o(.text)
    lfs_remove                               0x0800c637   Thumb Code   298  lfs.o(.text)
    lfs_rename                               0x0800c789   Thumb Code   550  lfs.o(.text)
    lfs_getattr                              0x0800c9af   Thumb Code   152  lfs.o(.text)
    lfs_setattr                              0x0800cad3   Thumb Code    44  lfs.o(.text)
    lfs_removeattr                           0x0800caff   Thumb Code    28  lfs.o(.text)
    lfs_format                               0x0800cc63   Thumb Code   192  lfs.o(.text)
    lfs_unmount                              0x0800cd23   Thumb Code    12  lfs.o(.text)
    lfs_mount                                0x0800cd2f   Thumb Code   464  lfs.o(.text)
    button_init                              0x0800d215   Thumb Code    50  button.o(.text)
    button_attach                            0x0800d247   Thumb Code    10  button.o(.text)
    get_button_event                         0x0800d251   Thumb Code     8  button.o(.text)
    button_handler                           0x0800d259   Thumb Code   556  button.o(.text)
    button_start                             0x0800d485   Thumb Code    38  button.o(.text)
    button_stop                              0x0800d4ab   Thumb Code    32  button.o(.text)
    button_ticks                             0x0800d4cb   Thumb Code    22  button.o(.text)
    disable_usb                              0x0800d53b   Thumb Code    14  app_mass_storage.o(.text)
    mass_storage_init                        0x0800d549   Thumb Code     8  app_mass_storage.o(.text)
    mass_storage_task                        0x0800d551   Thumb Code   150  app_mass_storage.o(.text)
    cli_fatfs                                0x0800d7ff   Thumb Code   950  app_fatfs.o(.text)
    get_config_info_file_size                0x0800dbb5   Thumb Code     8  app_fatfs.o(.text)
    get_config_info_state                    0x0800dbbd   Thumb Code     6  app_fatfs.o(.text)
    get_config_info_mcu_run_after_program    0x0800dbc3   Thumb Code    12  app_fatfs.o(.text)
    get_config_info_auto_program_control     0x0800dbcf   Thumb Code    12  app_fatfs.o(.text)
    get_config_info_auto_program_time        0x0800dbdb   Thumb Code     8  app_fatfs.o(.text)
    config_info_max_program_check            0x0800dbe3   Thumb Code    16  app_fatfs.o(.text)
    check_program_condition                  0x0800dbf3   Thumb Code    32  app_fatfs.o(.text)
    config_info_max_program_handle_after_program 0x0800e415   Thumb Code    54  app_fatfs.o(.text)
    check_firmware_backup_and_config_info    0x0800ea49   Thumb Code    36  app_fatfs.o(.text)
    config_file_handle                       0x0800ed23   Thumb Code   156  app_fatfs.o(.text)
    fatfs_init                               0x0800edbf   Thumb Code    88  app_fatfs.o(.text)
    fatfs_task                               0x0800ee17   Thumb Code     2  app_fatfs.o(.text)
    ena_button_single_click_handler          0x0800f049   Thumb Code    32  app_button.o(.text)
    ena_button_double_click_handler          0x0800f069   Thumb Code    32  app_button.o(.text)
    ena_button_long_press_handler            0x0800f089   Thumb Code    12  app_button.o(.text)
    enb_button_single_click_handler          0x0800f095   Thumb Code    48  app_button.o(.text)
    enb_button_double_click_handler          0x0800f0c5   Thumb Code    48  app_button.o(.text)
    enb_button_long_press_handler            0x0800f0f5   Thumb Code    12  app_button.o(.text)
    sw_button_single_click_handler           0x0800f101   Thumb Code    32  app_button.o(.text)
    sw_button_double_click_handler           0x0800f121   Thumb Code    24  app_button.o(.text)
    sw_button_long_press_handler             0x0800f139   Thumb Code    12  app_button.o(.text)
    button_scan_init                         0x0800f145   Thumb Code   184  app_button.o(.text)
    button_scan_task                         0x0800f1fd   Thumb Code     8  app_button.o(.text)
    user_provided_block_device_read          0x0800f2d5   Thumb Code    38  app_database.o(.text)
    user_provided_block_device_prog          0x0800f2fb   Thumb Code    38  app_database.o(.text)
    user_provided_block_device_erase         0x0800f321   Thumb Code    20  app_database.o(.text)
    user_provided_block_device_sync          0x0800f335   Thumb Code     6  app_database.o(.text)
    database_init                            0x0800f33b   Thumb Code   118  app_database.o(.text)
    database_save                            0x0800f3b1   Thumb Code    90  app_database.o(.text)
    database_read                            0x0800f40b   Thumb Code    82  app_database.o(.text)
    database_task                            0x0800f45d   Thumb Code     2  app_database.o(.text)
    cli_nxp                                  0x0800f49b   Thumb Code   152  app_nxp.o(.text)
    nxp_state_get                            0x0800f533   Thumb Code     6  app_nxp.o(.text)
    calc_check_sum                           0x0800f539   Thumb Code    52  app_nxp.o(.text)
    handle_tx_get_check_sum                  0x0800f56d   Thumb Code    34  app_nxp.o(.text)
    nxp_init                                 0x0800f58f   Thumb Code    34  app_nxp.o(.text)
    nxp_handle_rx_copy                       0x0800f5b1   Thumb Code    32  app_nxp.o(.text)
    nxp_rx_handle                            0x0800f5d1   Thumb Code    86  app_nxp.o(.text)
    download_ack_time_run                    0x0800f627   Thumb Code    12  app_nxp.o(.text)
    normal_timer_50ms                        0x0800f633   Thumb Code     8  app_nxp.o(.text)
    nxp_state_reset_from_err                 0x0800f63b   Thumb Code    32  app_nxp.o(.text)
    download_ack_time_check                  0x0800f65b   Thumb Code    48  app_nxp.o(.text)
    wait_pack_from_nxp                       0x0800f68b   Thumb Code    72  app_nxp.o(.text)
    send_pack_to_nxp                         0x0800f6d3   Thumb Code    42  app_nxp.o(.text)
    get_one_sector_firmware_from_spi_flash   0x0800f75b   Thumb Code    40  app_nxp.o(.text)
    check_firmware_buff                      0x0800f783   Thumb Code    46  app_nxp.o(.text)
    nxp_download_first_pack                  0x0800f7b1   Thumb Code   548  app_nxp.o(.text)
    nxp_download_other_pack                  0x0800f9d5   Thumb Code   468  app_nxp.o(.text)
    nxp_wait_for_command                     0x0800fce1   Thumb Code   590  app_nxp.o(.text)
    nxp_task                                 0x0800ff2f   Thumb Code  3022  app_nxp.o(.text)
    buzzer_init                              0x08010b09   Thumb Code    20  app_buzzer.o(.text)
    buzzer_notice_ok                         0x08010b1d   Thumb Code    24  app_buzzer.o(.text)
    buzzer_notice_fail                       0x08010b35   Thumb Code    40  app_buzzer.o(.text)
    buzzer_notice_invalid_config             0x08010b5d   Thumb Code    56  app_buzzer.o(.text)
    buzzer_notice_config_ok                  0x08010b95   Thumb Code    24  app_buzzer.o(.text)
    buzzer_notice_config_fail                0x08010bad   Thumb Code    40  app_buzzer.o(.text)
    buzzer_task                              0x08010bd5   Thumb Code   188  app_buzzer.o(.text)
    Delay                                    0x08010c99   Thumb Code    18  main.o(.text)
    Driver_OpenEA                            0x08010cab   Thumb Code    10  main.o(.text)
    Driver_CloseEA                           0x08010cb5   Thumb Code    10  main.o(.text)
    main                                     0x08010cdd   Thumb Code   106  main.o(.text)
    NMI_Handler                              0x08010d81   Thumb Code     2  stm32f10x_it.o(.text)
    MemManage_Handler                        0x08010d83   Thumb Code     4  stm32f10x_it.o(.text)
    BusFault_Handler                         0x08010d87   Thumb Code     4  stm32f10x_it.o(.text)
    UsageFault_Handler                       0x08010d8b   Thumb Code     4  stm32f10x_it.o(.text)
    SVC_Handler                              0x08010d8f   Thumb Code     2  stm32f10x_it.o(.text)
    DebugMon_Handler                         0x08010d91   Thumb Code     2  stm32f10x_it.o(.text)
    PendSV_Handler                           0x08010d93   Thumb Code     2  stm32f10x_it.o(.text)
    SysTick_Handler                          0x08010d95   Thumb Code     8  stm32f10x_it.o(.text)
    USART1_IRQHandler                        0x08010d9d   Thumb Code    12  stm32f10x_it.o(.text)
    DMA1_Channel4_IRQHandler                 0x08010da9   Thumb Code     8  stm32f10x_it.o(.text)
    GSM_WIFI_USART_IRQHandler                0x08010db1   Thumb Code     2  stm32f10x_it.o(.text)
    PSTN_WIFI_USART_IRQHandler               0x08010db3   Thumb Code     2  stm32f10x_it.o(.text)
    RF_USART_IRQHandler                      0x08010db5   Thumb Code     2  stm32f10x_it.o(.text)
    USART2_IRQHandler                        0x08010db7   Thumb Code    12  stm32f10x_it.o(.text)
    BASIC_TIM_IRQHandler                     0x08010dc3   Thumb Code     2  stm32f10x_it.o(.text)
    USB_LP_CAN1_RX0_IRQHandler               0x08010dc5   Thumb Code     8  stm32f10x_it.o(.text)
    USB_HP_CAN1_TX_IRQHandler                0x08010dcd   Thumb Code     8  stm32f10x_it.o(.text)
    __aeabi_memcpy                           0x08010dd5   Thumb Code    36  memcpya.o(.text)
    __aeabi_memcpy4                          0x08010dd5   Thumb Code     0  memcpya.o(.text)
    __aeabi_memcpy8                          0x08010dd5   Thumb Code     0  memcpya.o(.text)
    __aeabi_memset                           0x08010df9   Thumb Code    14  memseta.o(.text)
    __aeabi_memset4                          0x08010df9   Thumb Code     0  memseta.o(.text)
    __aeabi_memset8                          0x08010df9   Thumb Code     0  memseta.o(.text)
    __aeabi_memclr                           0x08010e07   Thumb Code     4  memseta.o(.text)
    __aeabi_memclr4                          0x08010e07   Thumb Code     0  memseta.o(.text)
    __aeabi_memclr8                          0x08010e07   Thumb Code     0  memseta.o(.text)
    _memset$wrapper                          0x08010e0b   Thumb Code    18  memseta.o(.text)
    strstr                                   0x08010e1d   Thumb Code    36  strstr.o(.text)
    strncpy                                  0x08010e41   Thumb Code    24  strncpy.o(.text)
    strchr                                   0x08010e59   Thumb Code    20  strchr.o(.text)
    strlen                                   0x08010e6d   Thumb Code    14  strlen.o(.text)
    memcmp                                   0x08010e7b   Thumb Code    26  memcmp.o(.text)
    strcpy                                   0x08010e95   Thumb Code    18  strcpy.o(.text)
    strncmp                                  0x08010ea7   Thumb Code    30  strncmp.o(.text)
    strspn                                   0x08010ec5   Thumb Code    28  strspn.o(.text)
    strcspn                                  0x08010ee1   Thumb Code    34  strcspn.o(.text)
    __aeabi_fmul                             0x08010f03   Thumb Code   100  fmul.o(.text)
    __aeabi_fdiv                             0x08010f67   Thumb Code   124  fdiv.o(.text)
    __aeabi_ui2f                             0x08010fe3   Thumb Code    10  ffltui.o(.text)
    __aeabi_f2d                              0x08010fed   Thumb Code    38  f2d.o(.text)
    __aeabi_uidiv                            0x08011013   Thumb Code     0  uidiv.o(.text)
    __aeabi_uidivmod                         0x08011013   Thumb Code    44  uidiv.o(.text)
    __aeabi_uldivmod                         0x0801103f   Thumb Code    98  uldiv.o(.text)
    __I$use$fp                               0x080110a1   Thumb Code     0  iusefp.o(.text)
    _float_round                             0x080110a1   Thumb Code    18  fepilogue.o(.text)
    _float_epilogue                          0x080110b3   Thumb Code    92  fepilogue.o(.text)
    __aeabi_dadd                             0x0801110f   Thumb Code   322  dadd.o(.text)
    __aeabi_dsub                             0x08011251   Thumb Code     6  dadd.o(.text)
    __aeabi_drsub                            0x08011257   Thumb Code     6  dadd.o(.text)
    __aeabi_dmul                             0x0801125d   Thumb Code   228  dmul.o(.text)
    __aeabi_ddiv                             0x08011341   Thumb Code   222  ddiv.o(.text)
    __aeabi_d2ulz                            0x0801141f   Thumb Code    48  dfixul.o(.text)
    __aeabi_cdrcmple                         0x08011451   Thumb Code    48  cdrcmple.o(.text)
    __scatterload                            0x08011481   Thumb Code    28  init.o(.text)
    __scatterload_rt2                        0x08011481   Thumb Code     0  init.o(.text)
    __aeabi_llsl                             0x080114a5   Thumb Code    30  llshl.o(.text)
    _ll_shift_l                              0x080114a5   Thumb Code     0  llshl.o(.text)
    __aeabi_llsr                             0x080114c3   Thumb Code    32  llushr.o(.text)
    _ll_ushift_r                             0x080114c3   Thumb Code     0  llushr.o(.text)
    __aeabi_lasr                             0x080114e3   Thumb Code    36  llsshr.o(.text)
    _ll_sshift_r                             0x080114e3   Thumb Code     0  llsshr.o(.text)
    _double_round                            0x08011507   Thumb Code    30  depilogue.o(.text)
    _double_epilogue                         0x08011525   Thumb Code   156  depilogue.o(.text)
    __decompress                             0x080115c1   Thumb Code     0  __dczerorl2.o(.text)
    __decompress1                            0x080115c1   Thumb Code    86  __dczerorl2.o(.text)
    __0printf                                0x08011619   Thumb Code    22  printfa.o(i.__0printf)
    __1printf                                0x08011619   Thumb Code     0  printfa.o(i.__0printf)
    __2printf                                0x08011619   Thumb Code     0  printfa.o(i.__0printf)
    __c89printf                              0x08011619   Thumb Code     0  printfa.o(i.__0printf)
    printf                                   0x08011619   Thumb Code     0  printfa.o(i.__0printf)
    __0sprintf                               0x08011639   Thumb Code    34  printfa.o(i.__0sprintf)
    __1sprintf                               0x08011639   Thumb Code     0  printfa.o(i.__0sprintf)
    __2sprintf                               0x08011639   Thumb Code     0  printfa.o(i.__0sprintf)
    __c89sprintf                             0x08011639   Thumb Code     0  printfa.o(i.__0sprintf)
    sprintf                                  0x08011639   Thumb Code     0  printfa.o(i.__0sprintf)
    __ARM_pop                                0x08011661   Thumb Code    48  lfs.o(i.__ARM_pop)
    __scatterload_copy                       0x08011691   Thumb Code    14  handlers.o(i.__scatterload_copy)
    __scatterload_null                       0x0801169f   Thumb Code     2  handlers.o(i.__scatterload_null)
    __scatterload_zeroinit                   0x080116a1   Thumb Code    14  handlers.o(i.__scatterload_zeroinit)
    free                                     0x08011f6d   Thumb Code    76  malloc.o(i.free)
    malloc                                   0x08011fbd   Thumb Code    92  malloc.o(i.malloc)
    MASS_DeviceDescriptor                    0x08012028   Data          18  usb_desc.o(.constdata)
    MASS_ConfigDescriptor                    0x0801203a   Data          32  usb_desc.o(.constdata)
    MASS_StringLangID                        0x0801205a   Data           4  usb_desc.o(.constdata)
    MASS_StringVendor                        0x0801205e   Data          38  usb_desc.o(.constdata)
    MASS_StringProduct                       0x08012084   Data          38  usb_desc.o(.constdata)
    MASS_StringInterface                     0x080120aa   Data          16  usb_desc.o(.constdata)
    CLI_Cmd_Help                             0x080120d4   Data          31  sys_command_line.o(.constdata)
    CLI_Cmd_Clear                            0x080120f3   Data          31  sys_command_line.o(.constdata)
    CLI_Cmd_Echo                             0x08012112   Data          52  sys_command_line.o(.constdata)
    CLI_Cmd_Reboot                           0x08012146   Data          28  sys_command_line.o(.constdata)
    CLI_Cmd                                  0x08012162   Data          96  sys_command_line.o(.constdata)
    key_word_map                             0x08012e20   Data          64  app_fatfs.o(.constdata)
    cfg                                      0x08012ebc   Data          72  app_database.o(.constdata)
    nxp_chip                                 0x08012f04   Data          90  app_nxp.o(.constdata)
    Region$$Table$$Base                      0x08013a88   Number         0  anon$$obj.o(Region$$Table)
    Image$$ER_IROM1$$Limit                   0x08013aa8   Number         0  anon$$obj.o ABSOLUTE
    Region$$Table$$Limit                     0x08013aa8   Number         0  anon$$obj.o(Region$$Table)
    SystemCoreClock                          0x20000000   Data           4  system_stm32f10x.o(.data)
    AHBPrescTable                            0x20000004   Data          16  system_stm32f10x.o(.data)
    StatusInfo                               0x20000028   Data           2  usb_core.o(.data)
    Data_Mul_MaxPacketSize                   0x2000002a   Data           1  usb_core.o(.data)
    EPindex                                  0x2000002c   Data           1  usb_init.o(.data)
    pInformation                             0x20000030   Data           4  usb_init.o(.data)
    pProperty                                0x20000034   Data           4  usb_init.o(.data)
    SaveState                                0x20000038   Data           2  usb_init.o(.data)
    wInterrupt_Mask                          0x2000003a   Data           2  usb_init.o(.data)
    pUser_Standard_Requests                  0x2000003c   Data           4  usb_init.o(.data)
    SaveRState                               0x20000040   Data           2  usb_int.o(.data)
    SaveTState                               0x20000042   Data           2  usb_int.o(.data)
    Mass_Memory_Size                         0x20000044   Data           8  mass_mal.o(.data)
    Mass_Block_Size                          0x2000004c   Data           8  mass_mal.o(.data)
    Mass_Block_Count                         0x20000054   Data           8  mass_mal.o(.data)
    Status                                   0x2000005c   Data           4  mass_mal.o(.data)
    Block_Read_count                         0x20000060   Data           4  memory.o(.data)
    Block_offset                             0x20000064   Data           4  memory.o(.data)
    Counter                                  0x20000068   Data           4  memory.o(.data)
    Idx                                      0x2000006c   Data           4  memory.o(.data)
    TransferState                            0x20000070   Data           1  memory.o(.data)
    Page00_Inquiry_Data                      0x20000084   Data           5  scsi_data.o(.data)
    Standard_Inquiry_Data                    0x20000089   Data          36  scsi_data.o(.data)
    Standard_Inquiry_Data2                   0x200000ad   Data          36  scsi_data.o(.data)
    Mode_Sense6_data                         0x200000d1   Data           4  scsi_data.o(.data)
    Mode_Sense10_data                        0x200000d5   Data           8  scsi_data.o(.data)
    Scsi_Sense_Data                          0x200000dd   Data          18  scsi_data.o(.data)
    ReadCapacity10_Data                      0x200000ef   Data           8  scsi_data.o(.data)
    ReadFormatCapacity_Data                  0x200000f7   Data          12  scsi_data.o(.data)
    Bot_State                                0x20000104   Data           1  usb_bot.o(.data)
    Data_Len                                 0x20000106   Data           2  usb_bot.o(.data)
    SCSI_LBA                                 0x20000108   Data           4  usb_bot.o(.data)
    SCSI_BlkLen                              0x2000010c   Data           4  usb_bot.o(.data)
    MASS_StringSerial                        0x20000110   Data          26  usb_desc.o(.data)
    wIstr                                    0x2000012c   Data           2  usb_istr.o(.data)
    bIntPackSOF                              0x2000012e   Data           1  usb_istr.o(.data)
    pEpInt_IN                                0x20000130   Data          28  usb_istr.o(.data)
    pEpInt_OUT                               0x2000014c   Data          28  usb_istr.o(.data)
    Max_Lun                                  0x20000168   Data           4  usb_prop.o(.data)
    Device_Table                             0x2000016c   Data           2  usb_prop.o(.data)
    Device_Property                          0x20000170   Data          48  usb_prop.o(.data)
    User_Standard_Requests                   0x200001a0   Data          36  usb_prop.o(.data)
    Device_Descriptor                        0x200001c4   Data           8  usb_prop.o(.data)
    Config_Descriptor                        0x200001cc   Data           8  usb_prop.o(.data)
    String_Descriptor                        0x200001d4   Data          40  usb_prop.o(.data)
    bDeviceState                             0x200001fc   Data           4  usb_pwr.o(.data)
    fSuspendEnabled                          0x20000200   Data           1  usb_pwr.o(.data)
    ResumeS                                  0x20000201   Data           2  usb_pwr.o(.data)
    cli_echo_flag                            0x20000203   Data           1  sys_command_line.o(.data)
    os_running_task_id                       0x20000204   Data           1  sys_scheduler.o(.data)
    os_watch_dog_cnt                         0x20000206   Data           2  sys_scheduler.o(.data)
    normal_timers                            0x20000208   Data           2  sys_scheduler.o(.data)
    usb_state                                0x20000230   Data           1  app_mass_storage.o(.data)
    fatfs_dbg_en                             0x20000234   Data           1  app_fatfs.o(.data)
    sprintf_index                            0x20000236   Data           2  app_fatfs.o(.data)
    config_err_code                          0x20000238   Data          24  app_fatfs.o(.data)
    nxp_chip_now                             0x20000254   Data           4  app_nxp.o(.data)
    nxp_dbg_en                               0x20000258   Data           1  app_nxp.o(.data)
    nxp_auto                                 0x20000259   Data           3  app_nxp.o(.data)
    buzzer_state                             0x2000025d   Data           1  app_buzzer.o(.data)
    __stdout                                 0x20000260   Data           4  stdout.o(.data)
    __microlib_freelist                      0x20000264   Data           4  mvars.o(.data)
    __microlib_freelist_initialised          0x20000268   Data           4  mvars.o(.data)
    Device_Info                              0x2000026c   Data          28  usb_init.o(.bss)
    Data_Buffer                              0x20000288   Data        4096  memory.o(.bss)
    Bulk_Data_Buff                           0x20001288   Data          64  usb_bot.o(.bss)
    CBW                                      0x200012c8   Data          32  usb_bot.o(.bss)
    CSW                                      0x200012e8   Data          16  usb_bot.o(.bss)
    download_usart_dma_rx_buff               0x200012f8   Data         256  bsp_usart.o(.bss)
    download_usart_dma_tx_buff               0x200013f8   Data         256  bsp_usart.o(.bss)
    cli_rx_buff                              0x200014f8   Data          69  sys_command_line.o(.bss)
    os_task                                  0x200015be   Data         110  sys_scheduler.o(.bss)
    fs                                       0x20001760   Data        4144  app_fatfs.o(.bss)
    fnew                                     0x20002790   Data          36  app_fatfs.o(.bss)
    ReadBuffer                               0x200027b4   Data         256  app_fatfs.o(.bss)
    config_info                              0x200028b4   Data         113  app_fatfs.o(.bss)
    sprintf_buff                             0x20002925   Data        1024  app_fatfs.o(.bss)
    button_queue                             0x20002f24   Data          13  app_button.o(.bss)
    btn_ena                                  0x20002f34   Data          40  app_button.o(.bss)
    btn_enb                                  0x20002f5c   Data          40  app_button.o(.bss)
    btn_sw                                   0x20002f84   Data          40  app_button.o(.bss)
    lfs                                      0x20002fac   Data         120  app_database.o(.bss)
    file                                     0x20003024   Data          84  app_database.o(.bss)
    nxp_protocol                             0x20003078   Data          16  app_nxp.o(.bss)
    handle_tx                                0x20003088   Data         259  app_nxp.o(.bss)
    handle_rx                                0x2000318b   Data         258  app_nxp.o(.bss)
    nxp_dl                                   0x2000328d   Data          31  app_nxp.o(.bss)
    fm_buff                                  0x200032ac   Data        4096  app_nxp.o(.bss)
    buzzer_queue                             0x200042ac   Data          13  app_buzzer.o(.bss)
    __heap_base                              0x200042c0   Data           0  startup_stm32f10x_md.o(HEAP)
    STACK$$Base                              0x200044c0   Number         0  startup_stm32f10x_md.o(STACK)
    __heap_limit                             0x200044c0   Data           0  startup_stm32f10x_md.o(HEAP)
    STACK$$Limit                             0x200048c0   Number         0  startup_stm32f10x_md.o(STACK)
    __initial_sp                             0x200048c0   Data           0  startup_stm32f10x_md.o(STACK)



==============================================================================

Memory Map of the image

  Image Entry point : 0x080000ed

  Load Region LR_IROM1 (Base: 0x08000000, Size: 0x00013d14, Max: 0x00020000, ABSOLUTE, COMPRESSED[0x00013b8c])

    Execution Region ER_IROM1 (Base: 0x08000000, Size: 0x00013aa8, Max: 0x00020000, ABSOLUTE)

    Base Addr    Size         Type   Attr      Idx    E Section Name        Object

    0x08000000   0x000000ec   Data   RO            3    RESET               startup_stm32f10x_md.o
    0x080000ec   0x00000000   Code   RO         1514  * .ARM.Collect$$$$00000000  mc_w.l(entry.o)
    0x080000ec   0x00000004   Code   RO         1838    .ARM.Collect$$$$00000001  mc_w.l(entry2.o)
    0x080000f0   0x00000004   Code   RO         1841    .ARM.Collect$$$$00000004  mc_w.l(entry5.o)
    0x080000f4   0x00000000   Code   RO         1843    .ARM.Collect$$$$00000008  mc_w.l(entry7b.o)
    0x080000f4   0x00000000   Code   RO         1845    .ARM.Collect$$$$0000000A  mc_w.l(entry8b.o)
    0x080000f4   0x00000008   Code   RO         1846    .ARM.Collect$$$$0000000B  mc_w.l(entry9a.o)
    0x080000fc   0x00000000   Code   RO         1848    .ARM.Collect$$$$0000000D  mc_w.l(entry10a.o)
    0x080000fc   0x00000000   Code   RO         1850    .ARM.Collect$$$$0000000F  mc_w.l(entry11a.o)
    0x080000fc   0x00000004   Code   RO         1839    .ARM.Collect$$$$00002712  mc_w.l(entry2.o)
    0x08000100   0x00000024   Code   RO            4    .text               startup_stm32f10x_md.o
    0x08000124   0x000001e0   Code   RO           24    .text               system_stm32f10x.o
    0x08000304   0x000000dc   Code   RO          106    .text               misc.o
    0x080003e0   0x00000254   Code   RO          215    .text               stm32f10x_dma.o
    0x08000634   0x0000035c   Code   RO          263    .text               stm32f10x_gpio.o
    0x08000990   0x00000040   Code   RO          290    .text               stm32f10x_iwdg.o
    0x080009d0   0x000003a4   Code   RO          314    .text               stm32f10x_rcc.o
    0x08000d74   0x0000030c   Code   RO          352    .text               stm32f10x_spi.o
    0x08001080   0x00000408   Code   RO          376    .text               stm32f10x_usart.o
    0x08001488   0x00000b50   Code   RO          403    .text               usb_core.o
    0x08001fd8   0x0000003c   Code   RO          454    .text               usb_init.o
    0x08002014   0x0000033c   Code   RO          477    .text               usb_int.o
    0x08002350   0x0000005c   Code   RO          501    .text               usb_mem.o
    0x080023ac   0x00000808   Code   RO          513    .text               usb_regs.o
    0x08002bb4   0x00000080   Code   RO          525    .text               usb_sil.o
    0x08002c34   0x00000144   Code   RO          537    .text               hw_config.o
    0x08002d78   0x000000d8   Code   RO          566    .text               mass_mal.o
    0x08002e50   0x00000218   Code   RO          603    .text               memory.o
    0x08003068   0x0000044c   Code   RO          642    .text               usb_bot.o
    0x080034b4   0x00000010   Code   RO          672    .text               usb_endp.o
    0x080034c4   0x00000050   Code   RO          687    .text               usb_istr.o
    0x08003514   0x00000268   Code   RO          705    .text               usb_prop.o
    0x0800377c   0x00000148   Code   RO          732    .text               usb_pwr.o
    0x080038c4   0x0000041c   Code   RO          750    .text               usb_scsi.o
    0x08003ce0   0x00000434   Code   RO          763    .text               bsp_usart.o
    0x08004114   0x0000002e   Code   RO          788    .text               bsp_iwdg.o
    0x08004142   0x00000002   PAD
    0x08004144   0x0000007c   Code   RO          803    .text               bsp_systick.o
    0x080041c0   0x0000057c   Code   RO          829    .text               bsp_spi.o
    0x0800473c   0x00000094   Code   RO          856    .text               bsp_button.o
    0x080047d0   0x0000007c   Code   RO          890    .text               bsp_nxp.o
    0x0800484c   0x0000004c   Code   RO          905    .text               bsp_buzzer.o
    0x08004898   0x000004a4   Code   RO          920    .text               sys_command_line.o
    0x08004d3c   0x000000ce   Code   RO          958    .text               sys_queue.o
    0x08004e0a   0x00000002   PAD
    0x08004e0c   0x000004ec   Code   RO          970    .text               sys_scheduler.o
    0x080052f8   0x000008ac   Code   RO         1005    .text               cm_backtrace.o
    0x08005ba4   0x0000000c   Code   RO         1048    .text               cmb_fault.o
    0x08005bb0   0x00000120   Code   RO         1052    .text               util.o
    0x08005cd0   0x00000148   Code   RO         1067    .text               diskio.o
    0x08005e18   0x00002ee8   Code   RO         1094    .text               ff.o
    0x08008d00   0x000000a8   Code   RO         1121    .text               ccsbcs.o
    0x08008da8   0x0000003c   Code   RO         1144    .text               lfs_util.o
    0x08008de4   0x00004430   Code   RO         1176    .text               lfs.o
    0x0800d214   0x000002d0   Code   RO         1198    .text               button.o
    0x0800d4e4   0x00000114   Code   RO         1215    .text               app_mass_storage.o
    0x0800d5f8   0x00001a50   Code   RO         1261    .text               app_fatfs.o
    0x0800f048   0x0000028c   Code   RO         1299    .text               app_button.o
    0x0800f2d4   0x000001b8   Code   RO         1345    .text               app_database.o
    0x0800f48c   0x0000167c   Code   RO         1367    .text               app_nxp.o
    0x08010b08   0x00000190   Code   RO         1416    .text               app_buzzer.o
    0x08010c98   0x000000e8   Code   RO         1438    .text               main.o
    0x08010d80   0x00000054   Code   RO         1493    .text               stm32f10x_it.o
    0x08010dd4   0x00000024   Code   RO         1517    .text               mc_w.l(memcpya.o)
    0x08010df8   0x00000024   Code   RO         1519    .text               mc_w.l(memseta.o)
    0x08010e1c   0x00000024   Code   RO         1521    .text               mc_w.l(strstr.o)
    0x08010e40   0x00000018   Code   RO         1523    .text               mc_w.l(strncpy.o)
    0x08010e58   0x00000014   Code   RO         1525    .text               mc_w.l(strchr.o)
    0x08010e6c   0x0000000e   Code   RO         1527    .text               mc_w.l(strlen.o)
    0x08010e7a   0x0000001a   Code   RO         1529    .text               mc_w.l(memcmp.o)
    0x08010e94   0x00000012   Code   RO         1531    .text               mc_w.l(strcpy.o)
    0x08010ea6   0x0000001e   Code   RO         1533    .text               mc_w.l(strncmp.o)
    0x08010ec4   0x0000001c   Code   RO         1535    .text               mc_w.l(strspn.o)
    0x08010ee0   0x00000022   Code   RO         1537    .text               mc_w.l(strcspn.o)
    0x08010f02   0x00000064   Code   RO         1830    .text               mf_w.l(fmul.o)
    0x08010f66   0x0000007c   Code   RO         1832    .text               mf_w.l(fdiv.o)
    0x08010fe2   0x0000000a   Code   RO         1834    .text               mf_w.l(ffltui.o)
    0x08010fec   0x00000026   Code   RO         1836    .text               mf_w.l(f2d.o)
    0x08011012   0x0000002c   Code   RO         1853    .text               mc_w.l(uidiv.o)
    0x0801103e   0x00000062   Code   RO         1855    .text               mc_w.l(uldiv.o)
    0x080110a0   0x00000000   Code   RO         1859    .text               mc_w.l(iusefp.o)
    0x080110a0   0x0000006e   Code   RO         1860    .text               mf_w.l(fepilogue.o)
    0x0801110e   0x0000014e   Code   RO         1862    .text               mf_w.l(dadd.o)
    0x0801125c   0x000000e4   Code   RO         1864    .text               mf_w.l(dmul.o)
    0x08011340   0x000000de   Code   RO         1866    .text               mf_w.l(ddiv.o)
    0x0801141e   0x00000030   Code   RO         1868    .text               mf_w.l(dfixul.o)
    0x0801144e   0x00000002   PAD
    0x08011450   0x00000030   Code   RO         1870    .text               mf_w.l(cdrcmple.o)
    0x08011480   0x00000024   Code   RO         1872    .text               mc_w.l(init.o)
    0x080114a4   0x0000001e   Code   RO         1874    .text               mc_w.l(llshl.o)
    0x080114c2   0x00000020   Code   RO         1876    .text               mc_w.l(llushr.o)
    0x080114e2   0x00000024   Code   RO         1878    .text               mc_w.l(llsshr.o)
    0x08011506   0x000000ba   Code   RO         1880    .text               mf_w.l(depilogue.o)
    0x080115c0   0x00000056   Code   RO         1890    .text               mc_w.l(__dczerorl2.o)
    0x08011616   0x00000002   PAD
    0x08011618   0x00000020   Code   RO         1774    i.__0printf         mc_w.l(printfa.o)
    0x08011638   0x00000028   Code   RO         1776    i.__0sprintf        mc_w.l(printfa.o)
    0x08011660   0x00000030   Code   RO         1187    i.__ARM_pop         lfs.o
    0x08011690   0x0000000e   Code   RO         1884    i.__scatterload_copy  mc_w.l(handlers.o)
    0x0801169e   0x00000002   Code   RO         1885    i.__scatterload_null  mc_w.l(handlers.o)
    0x080116a0   0x0000000e   Code   RO         1886    i.__scatterload_zeroinit  mc_w.l(handlers.o)
    0x080116ae   0x00000002   PAD
    0x080116b0   0x00000184   Code   RO         1781    i._fp_digits        mc_w.l(printfa.o)
    0x08011834   0x000006dc   Code   RO         1782    i._printf_core      mc_w.l(printfa.o)
    0x08011f10   0x00000024   Code   RO         1783    i._printf_post_padding  mc_w.l(printfa.o)
    0x08011f34   0x0000002e   Code   RO         1784    i._printf_pre_padding  mc_w.l(printfa.o)
    0x08011f62   0x0000000a   Code   RO         1786    i._sputc            mc_w.l(printfa.o)
    0x08011f6c   0x00000050   Code   RO         1802    i.free              mc_w.l(malloc.o)
    0x08011fbc   0x0000006c   Code   RO         1803    i.malloc            mc_w.l(malloc.o)
    0x08012028   0x00000092   Data   RO          659    .constdata          usb_desc.o
    0x080120ba   0x0000001a   Data   RO          830    .constdata          bsp_spi.o
    0x080120d4   0x000000ee   Data   RO          922    .constdata          sys_command_line.o
    0x080121c2   0x0000000e   Data   RO          972    .constdata          sys_scheduler.o
    0x080121d0   0x000000dc   Data   RO         1007    .constdata          cm_backtrace.o
    0x080122ac   0x000000ba   Data   RO         1095    .constdata          ff.o
    0x08012366   0x000008b8   Data   RO         1122    .constdata          ccsbcs.o
    0x08012c1e   0x00000002   PAD
    0x08012c20   0x00000040   Data   RO         1145    .constdata          lfs_util.o
    0x08012c60   0x000001c0   Data   RO         1177    .constdata          lfs.o
    0x08012e20   0x00000099   Data   RO         1263    .constdata          app_fatfs.o
    0x08012eb9   0x00000003   PAD
    0x08012ebc   0x00000048   Data   RO         1347    .constdata          app_database.o
    0x08012f04   0x0000007a   Data   RO         1369    .constdata          app_nxp.o
    0x08012f7e   0x00000002   PAD
    0x08012f80   0x00000133   Data   RO          923    .conststring        sys_command_line.o
    0x080130b3   0x00000001   PAD
    0x080130b4   0x00000815   Data   RO         1008    .conststring        cm_backtrace.o
    0x080138c9   0x00000003   PAD
    0x080138cc   0x00000009   Data   RO         1178    .conststring        lfs.o
    0x080138d5   0x00000003   PAD
    0x080138d8   0x00000174   Data   RO         1264    .conststring        app_fatfs.o
    0x08013a4c   0x0000003b   Data   RO         1370    .conststring        app_nxp.o
    0x08013a87   0x00000001   PAD
    0x08013a88   0x00000020   Data   RO         1882    Region$$Table       anon$$obj.o


    Execution Region RW_IRAM1 (Base: 0x20000000, Size: 0x000048c0, Max: 0x00005000, ABSOLUTE, COMPRESSED[0x000000e4])

    Base Addr    Size         Type   Attr      Idx    E Section Name        Object

    0x20000000   0x00000014   Data   RW           25    .data               system_stm32f10x.o
    0x20000014   0x00000014   Data   RW          315    .data               stm32f10x_rcc.o
    0x20000028   0x00000003   Data   RW          404    .data               usb_core.o
    0x2000002b   0x00000001   PAD
    0x2000002c   0x00000014   Data   RW          456    .data               usb_init.o
    0x20000040   0x00000004   Data   RW          478    .data               usb_int.o
    0x20000044   0x0000001c   Data   RW          567    .data               mass_mal.o
    0x20000060   0x00000024   Data   RW          605    .data               memory.o
    0x20000084   0x0000007f   Data   RW          630    .data               scsi_data.o
    0x20000103   0x00000001   PAD
    0x20000104   0x0000000c   Data   RW          644    .data               usb_bot.o
    0x20000110   0x0000001a   Data   RW          660    .data               usb_desc.o
    0x2000012a   0x00000002   PAD
    0x2000012c   0x0000003c   Data   RW          688    .data               usb_istr.o
    0x20000168   0x00000094   Data   RW          706    .data               usb_prop.o
    0x200001fc   0x00000007   Data   RW          733    .data               usb_pwr.o
    0x20000203   0x00000001   Data   RW          924    .data               sys_command_line.o
    0x20000204   0x00000006   Data   RW          973    .data               sys_scheduler.o
    0x2000020a   0x00000002   PAD
    0x2000020c   0x00000014   Data   RW         1009    .data               cm_backtrace.o
    0x20000220   0x0000000a   Data   RW         1096    .data               ff.o
    0x2000022a   0x00000002   PAD
    0x2000022c   0x00000004   Data   RW         1199    .data               button.o
    0x20000230   0x00000002   Data   RW         1216    .data               app_mass_storage.o
    0x20000232   0x00000002   PAD
    0x20000234   0x0000001c   Data   RW         1265    .data               app_fatfs.o
    0x20000250   0x0000000d   Data   RW         1371    .data               app_nxp.o
    0x2000025d   0x00000001   Data   RW         1418    .data               app_buzzer.o
    0x2000025e   0x00000002   PAD
    0x20000260   0x00000004   Data   RW         1852    .data               mc_w.l(stdout.o)
    0x20000264   0x00000004   Data   RW         1857    .data               mc_w.l(mvars.o)
    0x20000268   0x00000004   Data   RW         1858    .data               mc_w.l(mvars.o)
    0x2000026c   0x0000001c   Zero   RW          455    .bss                usb_init.o
    0x20000288   0x00001000   Zero   RW          604    .bss                memory.o
    0x20001288   0x00000070   Zero   RW          643    .bss                usb_bot.o
    0x200012f8   0x00000200   Zero   RW          764    .bss                bsp_usart.o
    0x200014f8   0x000000c6   Zero   RW          921    .bss                sys_command_line.o
    0x200015be   0x0000006e   Zero   RW          971    .bss                sys_scheduler.o
    0x2000162c   0x00000134   Zero   RW         1006    .bss                cm_backtrace.o
    0x20001760   0x000017c4   Zero   RW         1262    .bss                app_fatfs.o
    0x20002f24   0x00000088   Zero   RW         1300    .bss                app_button.o
    0x20002fac   0x000000cc   Zero   RW         1346    .bss                app_database.o
    0x20003078   0x00001234   Zero   RW         1368    .bss                app_nxp.o
    0x200042ac   0x0000000d   Zero   RW         1417    .bss                app_buzzer.o
    0x200042b9   0x00000007   PAD
    0x200042c0   0x00000200   Zero   RW            2    HEAP                startup_stm32f10x_md.o
    0x200044c0   0x00000400   Zero   RW            1    STACK               startup_stm32f10x_md.o


==============================================================================

Image component sizes


      Code (inc. data)   RO Data    RW Data    ZI Data      Debug   Object Name

       652        208          0          0        136       5725   app_button.o
       400         14          0          1         13       1833   app_buzzer.o
       440         46         72          0        204       7098   app_database.o
      6736       2368        525         28       6084      17708   app_fatfs.o
       276         18          0          2          0       1282   app_mass_storage.o
      5756       1520        181         13       4660      11571   app_nxp.o
       148          4          0          0          0       1301   bsp_button.o
        76          6          0          0          0        685   bsp_buzzer.o
        46          0          0          0          0        632   bsp_iwdg.o
       124          4          0          0          0        866   bsp_nxp.o
      1404        138         26          0          0       5035   bsp_spi.o
       124         16          0          0          0      16006   bsp_systick.o
      1076         32          0          0        512       4824   bsp_usart.o
       720         10          0          4          0       3830   button.o
       168         14       2232          0          0       2125   ccsbcs.o
      2220        366       2289         20        308      10574   cm_backtrace.o
        12          0          0          0          0        436   cmb_fault.o
         0          0          0          0          0       4508   core_cm3.o
       328          8          0          0          0       3946   diskio.o
     12008        130        186         10          0      36508   ff.o
       324         20          0          0          0       2608   hw_config.o
     17504        954        457          0          0      60061   lfs.o
        60          6         64          0          0       1498   lfs_util.o
       232         58          0          0          0      16905   main.o
       216         22          0         28          0       3815   mass_mal.o
       536         60          0         36       4096       3482   memory.o
       220         22          0          0          0       1817   misc.o
         0          0          0        127          0       1118   scsi_data.o
        36          8        236          0       1536        868   startup_stm32f10x_md.o
       596          8          0          0          0       4382   stm32f10x_dma.o
       860         38          0          0          0       5745   stm32f10x_gpio.o
        84          0          0          0          0       2332   stm32f10x_it.o
        64          6          0          0          0       1285   stm32f10x_iwdg.o
       932         36          0         20          0       8928   stm32f10x_rcc.o
       780         14          0          0          0       6634   stm32f10x_spi.o
      1032         22          0          0          0       8476   stm32f10x_usart.o
      1188        410        545          1        198      23938   sys_command_line.o
       206          0          0          0          0       2451   sys_queue.o
      1260        178         14          6        110       5566   sys_scheduler.o
       480         38          0         20          0     245295   system_stm32f10x.o
      1100         60          0         12        112       2953   usb_bot.o
      2896        114          0          3          0      20287   usb_core.o
         0          0        146         26          0       1020   usb_desc.o
        16          0          0          0          0        619   usb_endp.o
        60         24          0         20         28       4250   usb_init.o
       828         34          0          4          0       2027   usb_int.o
        80         18          0         60          0       1428   usb_istr.o
        92          6          0          0          0       1498   usb_mem.o
       616         48          0        148          0       7244   usb_prop.o
       328         22          0          7          0       2805   usb_pwr.o
      2056         20          0          0          0      12081   usb_regs.o
      1052         48          0          0          0       5138   usb_scsi.o
       128          8          0          0          0       1570   usb_sil.o
       288          0          0          0          0       1614   util.o

    ----------------------------------------------------------------------
     68868       7204       7020        608      18004     608231   Object Totals
         0          0         32          0          0          0   (incl. Generated)
         4          0         15         12          7          0   (incl. Padding)

    ----------------------------------------------------------------------

      Code (inc. data)   RO Data    RW Data    ZI Data      Debug   Library Member Name

        86          0          0          0          0          0   __dczerorl2.o
         0          0          0          0          0          0   entry.o
         0          0          0          0          0          0   entry10a.o
         0          0          0          0          0          0   entry11a.o
         8          4          0          0          0          0   entry2.o
         4          0          0          0          0          0   entry5.o
         0          0          0          0          0          0   entry7b.o
         0          0          0          0          0          0   entry8b.o
         8          4          0          0          0          0   entry9a.o
        30          0          0          0          0          0   handlers.o
        36          8          0          0          0         68   init.o
         0          0          0          0          0          0   iusefp.o
        30          0          0          0          0         68   llshl.o
        36          0          0          0          0         68   llsshr.o
        32          0          0          0          0         68   llushr.o
       188         20          0          0          0        160   malloc.o
        26          0          0          0          0         80   memcmp.o
        36          0          0          0          0         68   memcpya.o
        36          0          0          0          0        108   memseta.o
         0          0          0          8          0          0   mvars.o
      2308         96          0          0          0        604   printfa.o
         0          0          0          4          0          0   stdout.o
        20          0          0          0          0         68   strchr.o
        18          0          0          0          0         68   strcpy.o
        34          0          0          0          0         80   strcspn.o
        14          0          0          0          0         68   strlen.o
        30          0          0          0          0         80   strncmp.o
        24          0          0          0          0         76   strncpy.o
        28          0          0          0          0         80   strspn.o
        36          0          0          0          0         80   strstr.o
        44          0          0          0          0         80   uidiv.o
        98          0          0          0          0         92   uldiv.o
        48          0          0          0          0         68   cdrcmple.o
       334          0          0          0          0        148   dadd.o
       222          0          0          0          0        100   ddiv.o
       186          0          0          0          0        176   depilogue.o
        48          0          0          0          0         68   dfixul.o
       228          0          0          0          0         96   dmul.o
        38          0          0          0          0         68   f2d.o
       124          0          0          0          0         88   fdiv.o
       110          0          0          0          0        168   fepilogue.o
        10          0          0          0          0         68   ffltui.o
       100          0          0          0          0         76   fmul.o

    ----------------------------------------------------------------------
      4664        132          0         12          0       3188   Library Totals
         6          0          0          0          0          0   (incl. Padding)

    ----------------------------------------------------------------------

      Code (inc. data)   RO Data    RW Data    ZI Data      Debug   Library Name

      3210        132          0         12          0       2064   mc_w.l
      1448          0          0          0          0       1124   mf_w.l

    ----------------------------------------------------------------------
      4664        132          0         12          0       3188   Library Totals

    ----------------------------------------------------------------------

==============================================================================


      Code (inc. data)   RO Data    RW Data    ZI Data      Debug   

     73532       7336       7020        620      18004     605463   Grand Totals
     73532       7336       7020        228      18004     605463   ELF Image Totals (compressed)
     73532       7336       7020        228          0          0   ROM Totals

==============================================================================

    Total RO  Size (Code + RO Data)                80552 (  78.66kB)
    Total RW  Size (RW Data + ZI Data)             18624 (  18.19kB)
    Total ROM Size (Code + RO Data + RW Data)      80780 (  78.89kB)

==============================================================================

