<html>
<body>
<pre>
<h1>µVision Build Log</h1>
<h2>Tool Versions:</h2>
IDE-Version: µVision V5.26.2.0
Copyright (C) 2018 ARM Ltd and ARM Germany GmbH. All rights reserved.
License Information: admin Administrator, admin, LIC=CZLTG-VZZVH-DXMU3-AR27X-PW1ZE-JP2HI
 
Tool Versions:
Toolchain:       MDK-ARM Plus  Version: 5.26.2.0
Toolchain Path:  C:\Keil_v5\ARM\ARMCC\Bin
C Compiler:      Armcc.exe V5.06 update 6 (build 750)
Assembler:       Armasm.exe V5.06 update 6 (build 750)
Linker/Locator:  ArmLink.exe V5.06 update 6 (build 750)
Library Manager: ArmAr.exe V5.06 update 6 (build 750)
Hex Converter:   FromElf.exe V5.06 update 6 (build 750)
CPU DLL:         SARMCM3.DLL V5.26.2.0
Dialog DLL:      DCM.DLL V1.17.2.0
Target DLL:      Segger\JL2CM3.dll V2.99.31.0
Dialog DLL:      TCM.DLL V1.36.1.0
 
<h2>Project:</h2>
C:\Users\Administrator\Documents\GitHub\zigbee_offline_programmer\Project\RVMDK\zigbee_offline_programmer.uvprojx
Project File Date:  07/17/2019

<h2>Output:</h2>
*** Using Compiler 'V5.06 update 6 (build 750)', folder: 'C:\Keil_v5\ARM\ARMCC\Bin'
Rebuild target 'application'
assembling startup_stm32f10x_md.s...
compiling core_cm3.c...
compiling system_stm32f10x.c...
compiling stm32f10x_bkp.c...
compiling misc.c...
compiling stm32f10x_adc.c...
compiling stm32f10x_cec.c...
compiling stm32f10x_can.c...
compiling stm32f10x_dac.c...
compiling stm32f10x_dbgmcu.c...
compiling stm32f10x_crc.c...
compiling stm32f10x_dma.c...
compiling stm32f10x_exti.c...
compiling stm32f10x_flash.c...
compiling stm32f10x_fsmc.c...
compiling stm32f10x_gpio.c...
compiling stm32f10x_i2c.c...
compiling stm32f10x_iwdg.c...
compiling stm32f10x_pwr.c...
compiling stm32f10x_rcc.c...
compiling stm32f10x_sdio.c...
compiling stm32f10x_rtc.c...
compiling stm32f10x_spi.c...
compiling usb_init.c...
compiling stm32f10x_usart.c...
compiling stm32f10x_wwdg.c...
compiling stm32f10x_tim.c...
compiling usb_core.c...
compiling usb_mem.c...
compiling usb_int.c...
compiling usb_regs.c...
compiling usb_sil.c...
compiling mass_mal.c...
compiling hw_config.c...
compiling scsi_data.c...
compiling usb_desc.c...
compiling memory.c...
compiling usb_bot.c...
compiling usb_endp.c...
compiling usb_istr.c...
compiling usb_pwr.c...
compiling usb_scsi.c...
compiling usb_prop.c...
compiling bsp_usart.c...
compiling bsp_iwdg.c...
compiling bsp_systick.c...
compiling bsp_timer.c...
compiling bsp_button.c...
compiling bsp_nxp.c...
compiling bsp_spi.c...
assembling cmb_fault.S...
compiling bsp_buzzer.c...
compiling cm_backtrace.c...
compiling util.c...
compiling sys_command_line.c...
compiling lfs_util.c...
compiling ccsbcs.c...
compiling sys_queue.c...
compiling sys_scheduler.c...
compiling button.c...
compiling ff.c...
compiling diskio.c...
compiling app_mass_storage.c...
compiling lfs.c...
..\..\User\component\littlefs\lfs.c(974): warning:  #68-D: integer conversion resulted in a change of sign
      return lfs_dir_fetchmatch(lfs, dir, pair, -1, 0, NULL, NULL, NULL);
..\..\User\component\littlefs\lfs.c: 1 warning, 0 errors
compiling app_fatfs.c...
compiling app_button.c...
compiling app_database.c...
compiling app_nxp.c...
..\..\User\app\app_nxp.c(177): warning:  #223-D: function "Delay" declared implicitly
              Delay(0xffff);
..\..\User\app\app_nxp.c: 1 warning, 0 errors
compiling app_buzzer.c...
compiling main.c...
compiling stm32f10x_it.c...
linking...
Program Size: Code=77008 RO-data=8836 RW-data=624 ZI-data=19288  
FromELF: creating hex file...
After Build - User command #1: fromelf --bin --output .\OUTPUT\zigbee_offline_programmer.bin .\OUTPUT\zigbee_offline_programmer.axf
After Build - User command #2: .\..\..\Download\copy_bin.bat
".\Output\zigbee_offline_programmer.axf" - 0 Error(s), 2 Warning(s).

<h2>Software Packages used:</h2>

Package Vendor: Keil
                http://www.keil.com/pack/Keil.STM32F1xx_DFP.2.1.0.pack
                Keil.STM32F1xx_DFP.2.1.0
                STMicroelectronics STM32F1 Series Device Support, Drivers and Examples

<h2>Collection of Component include folders:</h2>
  .\RTE\_application
  C:\Keil_v5\ARM\PACK\Keil\STM32F1xx_DFP\2.1.0\Device\Include

<h2>Collection of Component Files used:</h2>
Build Time Elapsed:  00:00:05
</pre>
</body>
</html>
